Component: ARM Compiler 6.14 Tool: armlink [5db06800]

==============================================================================

Section Cross References

    main.o(.text.Timer2_Init) refers to gd32e50x_rcu.o(.text.rcu_periph_clock_enable) for rcu_periph_clock_enable
    main.o(.text.Timer2_Init) refers to gd32e50x_timer.o(.text.timer_deinit) for timer_deinit
    main.o(.text.Timer2_Init) refers to gd32e50x_timer.o(.text.timer_init) for timer_init
    main.o(.text.Timer2_Init) refers to gd32e50x_misc.o(.text.nvic_irq_enable) for nvic_irq_enable
    main.o(.text.Timer2_Init) refers to gd32e50x_timer.o(.text.timer_interrupt_flag_clear) for timer_interrupt_flag_clear
    main.o(.text.Timer2_Init) refers to gd32e50x_timer.o(.text.timer_interrupt_enable) for timer_interrupt_enable
    main.o(.text.Timer2_Init) refers to gd32e50x_timer.o(.text.timer_enable) for timer_enable
    main.o(.ARM.exidx.text.Timer2_Init) refers to main.o(.text.Timer2_Init) for [Anonymous Symbol]
    main.o(.text.Timer3_Init) refers to gd32e50x_rcu.o(.text.rcu_periph_clock_enable) for rcu_periph_clock_enable
    main.o(.text.Timer3_Init) refers to gd32e50x_timer.o(.text.timer_deinit) for timer_deinit
    main.o(.text.Timer3_Init) refers to gd32e50x_timer.o(.text.timer_init) for timer_init
    main.o(.text.Timer3_Init) refers to gd32e50x_misc.o(.text.nvic_irq_enable) for nvic_irq_enable
    main.o(.text.Timer3_Init) refers to gd32e50x_timer.o(.text.timer_interrupt_flag_clear) for timer_interrupt_flag_clear
    main.o(.text.Timer3_Init) refers to gd32e50x_timer.o(.text.timer_interrupt_enable) for timer_interrupt_enable
    main.o(.ARM.exidx.text.Timer3_Init) refers to main.o(.text.Timer3_Init) for [Anonymous Symbol]
    main.o(.text.Timer4_Init) refers to gd32e50x_rcu.o(.text.rcu_periph_clock_enable) for rcu_periph_clock_enable
    main.o(.text.Timer4_Init) refers to gd32e50x_timer.o(.text.timer_deinit) for timer_deinit
    main.o(.text.Timer4_Init) refers to gd32e50x_timer.o(.text.timer_init) for timer_init
    main.o(.text.Timer4_Init) refers to gd32e50x_misc.o(.text.nvic_irq_enable) for nvic_irq_enable
    main.o(.text.Timer4_Init) refers to gd32e50x_timer.o(.text.timer_interrupt_flag_clear) for timer_interrupt_flag_clear
    main.o(.text.Timer4_Init) refers to gd32e50x_timer.o(.text.timer_interrupt_enable) for timer_interrupt_enable
    main.o(.text.Timer4_Init) refers to gd32e50x_timer.o(.text.timer_enable) for timer_enable
    main.o(.ARM.exidx.text.Timer4_Init) refers to main.o(.text.Timer4_Init) for [Anonymous Symbol]
    main.o(.ARM.exidx.text.mbcrc16) refers to main.o(.text.mbcrc16) for [Anonymous Symbol]
    main.o(.text.main) refers to systick.o(.text.systick_config) for systick_config
    main.o(.text.main) refers to main.o(.bss.timer_sample_flag) for timer_sample_flag
    main.o(.text.main) refers to main.o(.bss.timer_update_flag) for timer_update_flag
    main.o(.text.main) refers to main.o(.bss.Libat_flag) for Libat_flag
    main.o(.text.main) refers to main.o(.text.Timer2_Init) for Timer2_Init
    main.o(.text.main) refers to main.o(.text.Timer3_Init) for Timer3_Init
    main.o(.text.main) refers to main.o(.text.Timer4_Init) for Timer4_Init
    main.o(.text.main) refers to gd32e50x_rcu.o(.text.rcu_periph_clock_enable) for rcu_periph_clock_enable
    main.o(.text.main) refers to gd32e503v_eval.o(.text.gd_eval_com_init) for gd_eval_com_init
    main.o(.text.main) refers to gd25qxx.o(.text.spi_flash_init) for spi_flash_init
    main.o(.text.main) refers to main.o(.bss.resetframe) for resetframe
    main.o(.text.main) refers to main.o(.bss.rx_count) for rx_count
    main.o(.text.main) refers to main.o(.bss.rx_buffer_size) for rx_buffer_size
    main.o(.text.main) refers to main.o(.bss.rx_buffer) for rx_buffer
    main.o(.text.main) refers to main.o(.text.mbcrc16) for mbcrc16
    main.o(.text.main) refers to main.o(.bss.holdingregister) for holdingregister
    main.o(.text.main) refers to main.o(.data.tx_buffer_size) for tx_buffer_size
    main.o(.text.main) refers to gd32e503v_eval.o(.text.Com_Send) for Com_Send
    main.o(.text.main) refers to main.o(.bss.LiBATPack) for LiBATPack
    main.o(.text.main) refers to gd25qxx.o(.text.spi_flash_sector_erase) for spi_flash_sector_erase
    main.o(.text.main) refers to gd25qxx.o(.text.spi_flash_buffer_write) for spi_flash_buffer_write
    main.o(.text.main) refers to systick.o(.text.delay_1ms) for delay_1ms
    main.o(.text.main) refers to main.o(.text.AnalyzePro) for AnalyzePro
    main.o(.text.main) refers to main.o(.text.AnalyzeCV) for AnalyzeCV
    main.o(.text.main) refers to main.o(.bss.init_flag) for init_flag
    main.o(.text.main) refers to libat.o(.text.LiBAT_Init) for LiBAT_Init
    main.o(.text.main) refers to libat.o(.text.LiBAT_I_Integral) for LiBAT_I_Integral
    main.o(.text.main) refers to main.o(.data.tx_buffer_Bat) for tx_buffer_Bat
[...]
    Removing gd32e50x_timer.o(.ARM.exidx.text.timer_input_capture_config), (8 bytes).
    Removing gd32e50x_timer.o(.text.timer_channel_input_capture_prescaler_config), (144 bytes).
    Removing gd32e50x_timer.o(.ARM.exidx.text.timer_channel_input_capture_prescaler_config), (8 bytes).
    Removing gd32e50x_timer.o(.text.timer_channel_capture_value_register_read), (76 bytes).
    Removing gd32e50x_timer.o(.ARM.exidx.text.timer_channel_capture_value_register_read), (8 bytes).
    Removing gd32e50x_timer.o(.text.timer_input_pwm_capture_config), (502 bytes).
    Removing gd32e50x_timer.o(.ARM.exidx.text.timer_input_pwm_capture_config), (8 bytes).
    Removing gd32e50x_timer.o(.text.timer_hall_mode_config), (54 bytes).
    Removing gd32e50x_timer.o(.ARM.exidx.text.timer_hall_mode_config), (8 bytes).
    Removing gd32e50x_timer.o(.text.timer_input_trigger_source_select), (30 bytes).
    Removing gd32e50x_timer.o(.ARM.exidx.text.timer_input_trigger_source_select), (8 bytes).
    Removing gd32e50x_timer.o(.text.timer_master_output_trigger_source_select), (30 bytes).
    Removing gd32e50x_timer.o(.ARM.exidx.text.timer_master_output_trigger_source_select), (8 bytes).
    Removing gd32e50x_timer.o(.text.timer_slave_mode_select), (30 bytes).
    Removing gd32e50x_timer.o(.ARM.exidx.text.timer_slave_mode_select), (8 bytes).
    Removing gd32e50x_timer.o(.text.timer_master_slave_mode_config), (54 bytes).
    Removing gd32e50x_timer.o(.ARM.exidx.text.timer_master_slave_mode_config), (8 bytes).
    Removing gd32e50x_timer.o(.text.timer_external_trigger_config), (50 bytes).
    Removing gd32e50x_timer.o(.ARM.exidx.text.timer_external_trigger_config), (8 bytes).
    Removing gd32e50x_timer.o(.text.timer_quadrature_decoder_mode_config), (108 bytes).
    Removing gd32e50x_timer.o(.ARM.exidx.text.timer_quadrature_decoder_mode_config), (8 bytes).
    Removing gd32e50x_timer.o(.text.timer_internal_clock_config), (18 bytes).
    Removing gd32e50x_timer.o(.ARM.exidx.text.timer_internal_clock_config), (8 bytes).
    Removing gd32e50x_timer.o(.text.timer_internal_trigger_as_external_clock_config), (40 bytes).
    Removing gd32e50x_timer.o(.ARM.exidx.text.timer_internal_trigger_as_external_clock_config), (8 bytes).
    Removing gd32e50x_timer.o(.text.timer_external_trigger_as_external_clock_config), (230 bytes).
    Removing gd32e50x_timer.o(.ARM.exidx.text.timer_external_trigger_as_external_clock_config), (8 bytes).
    Removing gd32e50x_timer.o(.text.timer_external_clock_mode0_config), (48 bytes).
    Removing gd32e50x_timer.o(.ARM.exidx.text.timer_external_clock_mode0_config), (8 bytes).
    Removing gd32e50x_timer.o(.text.timer_external_clock_mode1_config), (38 bytes).
    Removing gd32e50x_timer.o(.ARM.exidx.text.timer_external_clock_mode1_config), (8 bytes).
    Removing gd32e50x_timer.o(.text.timer_external_clock_mode1_disable), (18 bytes).
    Removing gd32e50x_timer.o(.ARM.exidx.text.timer_external_clock_mode1_disable), (8 bytes).
    Removing gd32e50x_timer.o(.text.timer_write_chxval_register_config), (70 bytes).
    Removing gd32e50x_timer.o(.ARM.exidx.text.timer_write_chxval_register_config), (8 bytes).
    Removing gd32e50x_timer.o(.text.timer_output_value_selection_config), (70 bytes).
    Removing gd32e50x_timer.o(.ARM.exidx.text.timer_output_value_selection_config), (8 bytes).
    Removing gd32e50x_timer.o(.text.timer_flag_get), (42 bytes).
    Removing gd32e50x_timer.o(.ARM.exidx.text.timer_flag_get), (8 bytes).
    Removing gd32e50x_timer.o(.text.timer_flag_clear), (18 bytes).
    Removing gd32e50x_timer.o(.ARM.exidx.text.timer_flag_clear), (8 bytes).
    Removing gd32e50x_timer.o(.ARM.exidx.text.timer_interrupt_enable), (8 bytes).
    Removing gd32e50x_timer.o(.text.timer_interrupt_disable), (22 bytes).
    Removing gd32e50x_timer.o(.ARM.exidx.text.timer_interrupt_disable), (8 bytes).
    Removing gd32e50x_timer.o(.ARM.exidx.text.timer_interrupt_flag_get), (8 bytes).
    Removing gd32e50x_timer.o(.ARM.exidx.text.timer_interrupt_flag_clear), (8 bytes).
    Removing gd32e50x_tmu.o(.text), (0 bytes).
    Removing gd32e50x_usart.o(.text), (0 bytes).
    Removing gd32e50x_usart.o(.ARM.exidx.text.usart_deinit), (8 bytes).
    Removing gd32e50x_usart.o(.ARM.exidx.text.usart_baudrate_set), (8 bytes).
    Removing gd32e50x_usart.o(.ARM.exidx.text.usart_parity_config), (8 bytes).
    Removing gd32e50x_usart.o(.ARM.exidx.text.usart_word_length_set), (8 bytes).
    Removing gd32e50x_usart.o(.ARM.exidx.text.usart_stop_bit_set), (8 bytes).
    Removing gd32e50x_usart.o(.ARM.exidx.text.usart_enable), (8 bytes).
    Removing gd32e50x_usart.o(.text.usart_disable), (48 bytes).
    Removing gd32e50x_usart.o(.ARM.exidx.text.usart_disable), (8 bytes).
    Removing gd32e50x_usart.o(.ARM.exidx.text.usart_transmit_config), (8 bytes).
    Removing gd32e50x_usart.o(.ARM.exidx.text.usart_receive_config), (8 bytes).
    Removing gd32e50x_usart.o(.text.usart_oversample_config), (88 bytes).
    Removing gd32e50x_usart.o(.ARM.exidx.text.usart_oversample_config), (8 bytes).
    Removing gd32e50x_usart.o(.text.usart_sample_bit_config), (88 bytes).
    Removing gd32e50x_usart.o(.ARM.exidx.text.usart_sample_bit_config), (8 bytes).
    Removing gd32e50x_usart.o(.text.usart_receiver_timeout_enable), (52 bytes).
    Removing gd32e50x_usart.o(.ARM.exidx.text.usart_receiver_timeout_enable), (8 bytes).
    Removing gd32e50x_usart.o(.text.usart_receiver_timeout_disable), (52 bytes).
    Removing gd32e50x_usart.o(.ARM.exidx.text.usart_receiver_timeout_disable), (8 bytes).
    Removing gd32e50x_usart.o(.text.usart_receiver_timeout_threshold_config), (86 bytes).
    Removing gd32e50x_usart.o(.ARM.exidx.text.usart_receiver_timeout_threshold_config), (8 bytes).
    Removing gd32e50x_usart.o(.ARM.exidx.text.usart_data_transmit), (8 bytes).
    Removing gd32e50x_usart.o(.ARM.exidx.text.usart_data_receive), (8 bytes).
    Removing gd32e50x_usart.o(.text.usart_mute_mode_enable), (48 bytes).
    Removing gd32e50x_usart.o(.ARM.exidx.text.usart_mute_mode_enable), (8 bytes).
    Removing gd32e50x_usart.o(.text.usart_mute_mode_disable), (48 bytes).
    Removing gd32e50x_usart.o(.ARM.exidx.text.usart_mute_mode_disable), (8 bytes).
    Removing gd32e50x_usart.o(.text.usart_mute_mode_wakeup_config), (88 bytes).
    Removing gd32e50x_usart.o(.ARM.exidx.text.usart_mute_mode_wakeup_config), (8 bytes).
    Removing gd32e50x_usart.o(.text.usart_lin_mode_enable), (58 bytes).
    Removing gd32e50x_usart.o(.ARM.exidx.text.usart_lin_mode_enable), (8 bytes).
    Removing gd32e50x_usart.o(.text.usart_lin_mode_disable), (58 bytes).
    Removing gd32e50x_usart.o(.ARM.exidx.text.usart_lin_mode_disable), (8 bytes).
    Removing gd32e50x_usart.o(.text.usart_lin_break_detection_length_config), (88 bytes).
    Removing gd32e50x_usart.o(.ARM.exidx.text.usart_lin_break_detection_length_config), (8 bytes).
    Removing gd32e50x_usart.o(.text.usart_halfduplex_enable), (58 bytes).
    Removing gd32e50x_usart.o(.ARM.exidx.text.usart_halfduplex_enable), (8 bytes).
    Removing gd32e50x_usart.o(.text.usart_halfduplex_disable), (58 bytes).
    Removing gd32e50x_usart.o(.ARM.exidx.text.usart_halfduplex_disable), (8 bytes).
    Removing gd32e50x_usart.o(.text.usart_synchronous_clock_enable), (58 bytes).
    Removing gd32e50x_usart.o(.ARM.exidx.text.usart_synchronous_clock_enable), (8 bytes).
    Removing gd32e50x_usart.o(.text.usart_synchronous_clock_disable), (58 bytes).
    Removing gd32e50x_usart.o(.ARM.exidx.text.usart_synchronous_clock_disable), (8 bytes).
    Removing gd32e50x_usart.o(.text.usart_synchronous_clock_config), (124 bytes).
    Removing gd32e50x_usart.o(.ARM.exidx.text.usart_synchronous_clock_config), (8 bytes).
    Removing gd32e50x_usart.o(.text.usart_guard_time_config), (92 bytes).
    Removing gd32e50x_usart.o(.ARM.exidx.text.usart_guard_time_config), (8 bytes).
    Removing gd32e50x_usart.o(.text.usart_smartcard_mode_enable), (58 bytes).
    Removing gd32e50x_usart.o(.ARM.exidx.text.usart_smartcard_mode_enable), (8 bytes).
    Removing gd32e50x_usart.o(.text.usart_smartcard_mode_disable), (58 bytes).
    Removing gd32e50x_usart.o(.ARM.exidx.text.usart_smartcard_mode_disable), (8 bytes).
    Removing gd32e50x_usart.o(.text.usart_smartcard_mode_nack_enable), (58 bytes).
    Removing gd32e50x_usart.o(.ARM.exidx.text.usart_smartcard_mode_nack_enable), (8 bytes).
    Removing gd32e50x_usart.o(.text.usart_smartcard_mode_nack_disable), (58 bytes).
    Removing gd32e50x_usart.o(.ARM.exidx.text.usart_smartcard_mode_nack_disable), (8 bytes).
    Removing gd32e50x_usart.o(.text.usart_smartcard_autoretry_config), (108 bytes).
    Removing gd32e50x_usart.o(.ARM.exidx.text.usart_smartcard_autoretry_config), (8 bytes).
    Removing gd32e50x_usart.o(.text.usart_block_length_config), (90 bytes).
    Removing gd32e50x_usart.o(.ARM.exidx.text.usart_block_length_config), (8 bytes).
    Removing gd32e50x_usart.o(.text.usart_irda_mode_enable), (58 bytes).
    Removing gd32e50x_usart.o(.ARM.exidx.text.usart_irda_mode_enable), (8 bytes).
    Removing gd32e50x_usart.o(.text.usart_irda_mode_disable), (58 bytes).
    Removing gd32e50x_usart.o(.ARM.exidx.text.usart_irda_mode_disable), (8 bytes).
    Removing gd32e50x_usart.o(.text.usart_prescaler_config), (88 bytes).
    Removing gd32e50x_usart.o(.ARM.exidx.text.usart_prescaler_config), (8 bytes).
    Removing gd32e50x_usart.o(.text.usart_irda_lowpower_config), (88 bytes).
    Removing gd32e50x_usart.o(.ARM.exidx.text.usart_irda_lowpower_config), (8 bytes).
    Removing gd32e50x_usart.o(.text.usart_dma_receive_config), (98 bytes).
    Removing gd32e50x_usart.o(.ARM.exidx.text.usart_dma_receive_config), (8 bytes).
    Removing gd32e50x_usart.o(.text.usart_dma_transmit_config), (98 bytes).
    Removing gd32e50x_usart.o(.ARM.exidx.text.usart_dma_transmit_config), (8 bytes).
    Removing gd32e50x_usart.o(.text.usart_hardware_flow_rts_config), (34 bytes).
    Removing gd32e50x_usart.o(.ARM.exidx.text.usart_hardware_flow_rts_config), (8 bytes).
    Removing gd32e50x_usart.o(.text.usart_hardware_flow_cts_config), (34 bytes).
    Removing gd32e50x_usart.o(.ARM.exidx.text.usart_hardware_flow_cts_config), (8 bytes).
    Removing gd32e50x_usart.o(.text.usart_data_first_config), (50 bytes).
    Removing gd32e50x_usart.o(.ARM.exidx.text.usart_data_first_config), (8 bytes).
    Removing gd32e50x_usart.o(.text.usart_invert_config), (136 bytes).
    Removing gd32e50x_usart.o(.ARM.exidx.text.usart_invert_config), (8 bytes).
    Removing gd32e50x_usart.o(.text.usart_address_config), (40 bytes).
    Removing gd32e50x_usart.o(.ARM.exidx.text.usart_address_config), (8 bytes).
    Removing gd32e50x_usart.o(.text.usart_send_break), (18 bytes).
    Removing gd32e50x_usart.o(.ARM.exidx.text.usart_send_break), (8 bytes).
    Removing gd32e50x_usart.o(.text.usart_collision_detected_interrupt_enable), (22 bytes).
    Removing gd32e50x_usart.o(.ARM.exidx.text.usart_collision_detected_interrupt_enable), (8 bytes).
    Removing gd32e50x_usart.o(.text.usart_collision_detected_interrupt_disable), (22 bytes).
    Removing gd32e50x_usart.o(.ARM.exidx.text.usart_collision_detected_interrupt_disable), (8 bytes).
    Removing gd32e50x_usart.o(.text.usart_collision_detection_enable), (22 bytes).
    Removing gd32e50x_usart.o(.ARM.exidx.text.usart_collision_detection_enable), (8 bytes).
    Removing gd32e50x_usart.o(.text.usart_collision_detection_disable), (22 bytes).
    Removing gd32e50x_usart.o(.ARM.exidx.text.usart_collision_detection_disable), (8 bytes).
    Removing gd32e50x_usart.o(.ARM.exidx.text.usart_flag_get), (8 bytes).
    Removing gd32e50x_usart.o(.text.usart_flag_clear), (42 bytes).
    Removing gd32e50x_usart.o(.ARM.exidx.text.usart_flag_clear), (8 bytes).
    Removing gd32e50x_usart.o(.ARM.exidx.text.usart_interrupt_enable), (8 bytes).
    Removing gd32e50x_usart.o(.text.usart_interrupt_disable), (42 bytes).
    Removing gd32e50x_usart.o(.ARM.exidx.text.usart_interrupt_disable), (8 bytes).
    Removing gd32e50x_usart.o(.ARM.exidx.text.usart_interrupt_flag_get), (8 bytes).
    Removing gd32e50x_usart.o(.ARM.exidx.text.usart_interrupt_flag_clear), (8 bytes).
    Removing gd32e50x_usart.o(.text.usart5_data_first_config), (56 bytes).
    Removing gd32e50x_usart.o(.ARM.exidx.text.usart5_data_first_config), (8 bytes).
    Removing gd32e50x_usart.o(.text.usart5_invert_config), (138 bytes).
    Removing gd32e50x_usart.o(.ARM.exidx.text.usart5_invert_config), (8 bytes).
    Removing gd32e50x_usart.o(.text.usart5_overrun_enable), (28 bytes).
    Removing gd32e50x_usart.o(.ARM.exidx.text.usart5_overrun_enable), (8 bytes).
    Removing gd32e50x_usart.o(.ARM.exidx.text.usart5_overrun_disable), (8 bytes).
    Removing gd32e50x_usart.o(.text.usart5_address_config), (48 bytes).
    Removing gd32e50x_usart.o(.ARM.exidx.text.usart5_address_config), (8 bytes).
    Removing gd32e50x_usart.o(.text.usart5_address_detection_mode_config), (44 bytes).
    Removing gd32e50x_usart.o(.ARM.exidx.text.usart5_address_detection_mode_config), (8 bytes).
    Removing gd32e50x_usart.o(.text.usart5_smartcard_mode_early_nack_enable), (22 bytes).
    Removing gd32e50x_usart.o(.ARM.exidx.text.usart5_smartcard_mode_early_nack_enable), (8 bytes).
    Removing gd32e50x_usart.o(.text.usart5_smartcard_mode_early_nack_disable), (22 bytes).
    Removing gd32e50x_usart.o(.ARM.exidx.text.usart5_smartcard_mode_early_nack_disable), (8 bytes).
    Removing gd32e50x_usart.o(.text.usart5_reception_error_dma_enable), (28 bytes).
    Removing gd32e50x_usart.o(.ARM.exidx.text.usart5_reception_error_dma_enable), (8 bytes).
    Removing gd32e50x_usart.o(.text.usart5_reception_error_dma_disable), (28 bytes).
    Removing gd32e50x_usart.o(.ARM.exidx.text.usart5_reception_error_dma_disable), (8 bytes).
    Removing gd32e50x_usart.o(.text.usart5_wakeup_enable), (18 bytes).
    Removing gd32e50x_usart.o(.ARM.exidx.text.usart5_wakeup_enable), (8 bytes).
    Removing gd32e50x_usart.o(.text.usart5_wakeup_disable), (18 bytes).
    Removing gd32e50x_usart.o(.ARM.exidx.text.usart5_wakeup_disable), (8 bytes).
    Removing gd32e50x_usart.o(.text.usart5_wakeup_mode_config), (44 bytes).
    Removing gd32e50x_usart.o(.ARM.exidx.text.usart5_wakeup_mode_config), (8 bytes).
    Removing gd32e50x_usart.o(.text.usart5_receive_fifo_enable), (22 bytes).
    Removing gd32e50x_usart.o(.ARM.exidx.text.usart5_receive_fifo_enable), (8 bytes).
    Removing gd32e50x_usart.o(.text.usart5_receive_fifo_disable), (22 bytes).
    Removing gd32e50x_usart.o(.ARM.exidx.text.usart5_receive_fifo_disable), (8 bytes).
    Removing gd32e50x_usart.o(.text.usart5_receive_fifo_counter_number), (18 bytes).
    Removing gd32e50x_usart.o(.ARM.exidx.text.usart5_receive_fifo_counter_number), (8 bytes).
    Removing gd32e50x_usart.o(.ARM.exidx.text.usart5_flag_get), (8 bytes).
    Removing gd32e50x_usart.o(.text.usart5_flag_clear), (36 bytes).
    Removing gd32e50x_usart.o(.ARM.exidx.text.usart5_flag_clear), (8 bytes).
    Removing gd32e50x_usart.o(.ARM.exidx.text.usart5_interrupt_enable), (8 bytes).
    Removing gd32e50x_usart.o(.text.usart5_interrupt_disable), (42 bytes).
    Removing gd32e50x_usart.o(.ARM.exidx.text.usart5_interrupt_disable), (8 bytes).
    Removing gd32e50x_usart.o(.text.usart5_command_enable), (20 bytes).
    Removing gd32e50x_usart.o(.ARM.exidx.text.usart5_command_enable), (8 bytes).
    Removing gd32e50x_usart.o(.ARM.exidx.text.usart5_interrupt_flag_get), (8 bytes).
    Removing gd32e50x_usart.o(.ARM.exidx.text.usart5_interrupt_flag_clear), (8 bytes).
    Removing gd32e50x_wwdgt.o(.text), (0 bytes).
    Removing gd32e50x_wwdgt.o(.text.wwdgt_deinit), (24 bytes).
    Removing gd32e50x_wwdgt.o(.ARM.exidx.text.wwdgt_deinit), (8 bytes).
    Removing gd32e50x_wwdgt.o(.text.wwdgt_enable), (18 bytes).
    Removing gd32e50x_wwdgt.o(.ARM.exidx.text.wwdgt_enable), (8 bytes).
    Removing gd32e50x_wwdgt.o(.text.wwdgt_counter_update), (30 bytes).
    Removing gd32e50x_wwdgt.o(.ARM.exidx.text.wwdgt_counter_update), (8 bytes).
    Removing gd32e50x_wwdgt.o(.text.wwdgt_config), (60 bytes).
    Removing gd32e50x_wwdgt.o(.ARM.exidx.text.wwdgt_config), (8 bytes).
    Removing gd32e50x_wwdgt.o(.text.wwdgt_flag_get), (44 bytes).
    Removing gd32e50x_wwdgt.o(.ARM.exidx.text.wwdgt_flag_get), (8 bytes).
    Removing gd32e50x_wwdgt.o(.text.wwdgt_flag_clear), (14 bytes).
    Removing gd32e50x_wwdgt.o(.ARM.exidx.text.wwdgt_flag_clear), (8 bytes).
    Removing gd32e50x_wwdgt.o(.text.wwdgt_interrupt_enable), (18 bytes).
    Removing gd32e50x_wwdgt.o(.ARM.exidx.text.wwdgt_interrupt_enable), (8 bytes).
    Removing gd32e50x_can.o(.text), (0 bytes).
    Removing gd32e50x_can.o(.text.can_deinit), (82 bytes).
    Removing gd32e50x_can.o(.ARM.exidx.text.can_deinit), (8 bytes).
    Removing gd32e50x_can.o(.text.can_struct_para_init), (312 bytes).
    Removing gd32e50x_can.o(.ARM.exidx.text.can_struct_para_init), (8 bytes).
    Removing gd32e50x_can.o(.text.can_init), (456 bytes).
    Removing gd32e50x_can.o(.ARM.exidx.text.can_init), (8 bytes).
    Removing gd32e50x_can.o(.text.can_filter_init), (354 bytes).
    Removing gd32e50x_can.o(.ARM.exidx.text.can_filter_init), (8 bytes).
    Removing gd32e50x_can.o(.text.can_filter_mask_mode_init), (294 bytes).
    Removing gd32e50x_can.o(.ARM.exidx.text.can_filter_mask_mode_init), (8 bytes).
    Removing gd32e50x_can.o(.text.can_monitor_mode_set), (258 bytes).
    Removing gd32e50x_can.o(.ARM.exidx.text.can_monitor_mode_set), (8 bytes).
    Removing gd32e50x_can.o(.text.can1_filter_start_bank), (60 bytes).
    Removing gd32e50x_can.o(.ARM.exidx.text.can1_filter_start_bank), (8 bytes).
    Removing gd32e50x_can.o(.text.can_debug_freeze_enable), (76 bytes).
    Removing gd32e50x_can.o(.ARM.exidx.text.can_debug_freeze_enable), (8 bytes).
    Removing gd32e50x_can.o(.text.can_debug_freeze_disable), (76 bytes).
    Removing gd32e50x_can.o(.ARM.exidx.text.can_debug_freeze_disable), (8 bytes).
    Removing gd32e50x_can.o(.text.can_time_trigger_mode_enable), (72 bytes).
    Removing gd32e50x_can.o(.ARM.exidx.text.can_time_trigger_mode_enable), (8 bytes).
    Removing gd32e50x_can.o(.text.can_time_trigger_mode_disable), (72 bytes).
    Removing gd32e50x_can.o(.ARM.exidx.text.can_time_trigger_mode_disable), (8 bytes).
    Removing gd32e50x_can.o(.text.can_message_transmit), (328 bytes).
    Removing gd32e50x_can.o(.ARM.exidx.text.can_message_transmit), (8 bytes).
    Removing gd32e50x_can.o(.text.can_transmit_states), (206 bytes).
    Removing gd32e50x_can.o(.ARM.exidx.text.can_transmit_states), (8 bytes).
    Removing gd32e50x_can.o(.text.can_transmission_stop), (134 bytes).
    Removing gd32e50x_can.o(.ARM.exidx.text.can_transmission_stop), (8 bytes).
    Removing gd32e50x_can.o(.text.can_message_receive), (346 bytes).
    Removing gd32e50x_can.o(.ARM.exidx.text.can_message_receive), (8 bytes).
    Removing gd32e50x_can.o(.text.can_fifo_release), (74 bytes).
    Removing gd32e50x_can.o(.ARM.exidx.text.can_fifo_release), (8 bytes).
    Removing gd32e50x_can.o(.text.can_receive_message_length_get), (76 bytes).
    Removing gd32e50x_can.o(.ARM.exidx.text.can_receive_message_length_get), (8 bytes).
    Removing gd32e50x_can.o(.text.can_working_mode_set), (360 bytes).
    Removing gd32e50x_can.o(.ARM.exidx.text.can_working_mode_set), (8 bytes).
    Removing gd32e50x_can.o(.text.can_wakeup), (110 bytes).
    Removing gd32e50x_can.o(.ARM.exidx.text.can_wakeup), (8 bytes).
    Removing gd32e50x_can.o(.text.can_error_get), (30 bytes).
    Removing gd32e50x_can.o(.ARM.exidx.text.can_error_get), (8 bytes).
    Removing gd32e50x_can.o(.text.can_receive_error_number_get), (22 bytes).
    Removing gd32e50x_can.o(.ARM.exidx.text.can_receive_error_number_get), (8 bytes).
    Removing gd32e50x_can.o(.text.can_transmit_error_number_get), (22 bytes).
    Removing gd32e50x_can.o(.ARM.exidx.text.can_transmit_error_number_get), (8 bytes).
    Removing gd32e50x_can.o(.text.can_interrupt_enable), (20 bytes).
    Removing gd32e50x_can.o(.ARM.exidx.text.can_interrupt_enable), (8 bytes).
    Removing gd32e50x_can.o(.text.can_interrupt_disable), (22 bytes).
    Removing gd32e50x_can.o(.ARM.exidx.text.can_interrupt_disable), (8 bytes).
    Removing gd32e50x_can.o(.text.can_flag_get), (62 bytes).
    Removing gd32e50x_can.o(.ARM.exidx.text.can_flag_get), (8 bytes).
    Removing gd32e50x_can.o(.text.can_flag_clear), (42 bytes).
    Removing gd32e50x_can.o(.ARM.exidx.text.can_flag_clear), (8 bytes).
    Removing gd32e50x_can.o(.text.can_interrupt_flag_get), (180 bytes).
    Removing gd32e50x_can.o(.ARM.exidx.text.can_interrupt_flag_get), (8 bytes).
    Removing gd32e50x_can.o(.text.can_interrupt_flag_clear), (32 bytes).
    Removing gd32e50x_can.o(.ARM.exidx.text.can_interrupt_flag_clear), (8 bytes).
    Removing gd32e50x_can.o(.rodata.g_can_fdlength_table), (7 bytes).
    Removing gd32e503v_eval.o(.text), (0 bytes).
    Removing gd32e503v_eval.o(.text.gd_eval_led_init), (112 bytes).
    Removing gd32e503v_eval.o(.ARM.exidx.text.gd_eval_led_init), (8 bytes).
    Removing gd32e503v_eval.o(.text.gd_eval_led_on), (42 bytes).
    Removing gd32e503v_eval.o(.ARM.exidx.text.gd_eval_led_on), (8 bytes).
    Removing gd32e503v_eval.o(.text.gd_eval_led_off), (42 bytes).
    Removing gd32e503v_eval.o(.ARM.exidx.text.gd_eval_led_off), (8 bytes).
    Removing gd32e503v_eval.o(.text.gd_eval_led_toggle), (72 bytes).
    Removing gd32e503v_eval.o(.ARM.exidx.text.gd_eval_led_toggle), (8 bytes).
    Removing gd32e503v_eval.o(.text.gd_eval_key_init), (206 bytes).
    Removing gd32e503v_eval.o(.ARM.exidx.text.gd_eval_key_init), (8 bytes).
    Removing gd32e503v_eval.o(.text.gd_eval_key_state_get), (56 bytes).
    Removing gd32e503v_eval.o(.ARM.exidx.text.gd_eval_key_state_get), (8 bytes).
    Removing gd32e503v_eval.o(.ARM.exidx.text.Com_Send), (8 bytes).
    Removing gd32e503v_eval.o(.ARM.exidx.text.gd_eval_com_init), (8 bytes).
    Removing gd32e503v_eval.o(.data.GPIO_CLK), (8 bytes).
    Removing gd32e503v_eval.o(.data.GPIO_PORT), (16 bytes).
    Removing gd32e503v_eval.o(.data.GPIO_PIN), (16 bytes).
    Removing gd32e503v_eval.o(.data.KEY_CLK), (10 bytes).
    Removing gd32e503v_eval.o(.data.KEY_PORT), (20 bytes).
    Removing gd32e503v_eval.o(.data.KEY_PIN), (20 bytes).
    Removing gd32e503v_eval.o(.data.KEY_IRQn), (5 bytes).
    Removing gd32e503v_eval.o(.data.KEY_PORT_SOURCE), (5 bytes).
    Removing gd32e503v_eval.o(.data.KEY_PIN_SOURCE), (5 bytes).
    Removing gd32e503v_eval.o(.data.KEY_EXTI_LINE), (20 bytes).
    Removing gd25qxx.o(.text), (0 bytes).
    Removing gd25qxx.o(.ARM.exidx.text.spi_flash_init), (8 bytes).
    Removing gd25qxx.o(.ARM.exidx.text.spi_flash_sector_erase), (8 bytes).
    Removing gd25qxx.o(.ARM.exidx.text.spi_flash_write_enable), (8 bytes).
    Removing gd25qxx.o(.ARM.exidx.text.spi_flash_send_byte), (8 bytes).
    Removing gd25qxx.o(.ARM.exidx.text.spi_flash_wait_for_write_end), (8 bytes).
    Removing gd25qxx.o(.text.spi_flash_bulk_erase), (54 bytes).
    Removing gd25qxx.o(.ARM.exidx.text.spi_flash_bulk_erase), (8 bytes).
    Removing gd25qxx.o(.ARM.exidx.text.spi_flash_page_write), (8 bytes).
    Removing gd25qxx.o(.ARM.exidx.text.spi_flash_buffer_write), (8 bytes).
    Removing gd25qxx.o(.ARM.exidx.text.spi_flash_buffer_read), (8 bytes).
    Removing gd25qxx.o(.text.spi_flash_read_id), (100 bytes).
    Removing gd25qxx.o(.ARM.exidx.text.spi_flash_read_id), (8 bytes).
    Removing gd25qxx.o(.text.spi_flash_start_read_sequence), (68 bytes).
    Removing gd25qxx.o(.ARM.exidx.text.spi_flash_start_read_sequence), (8 bytes).
    Removing gd25qxx.o(.text.spi_flash_read_byte), (10 bytes).
    Removing gd25qxx.o(.ARM.exidx.text.spi_flash_read_byte), (8 bytes).
    Removing gd25qxx.o(.text.spi_flash_send_halfword), (90 bytes).
    Removing gd25qxx.o(.ARM.exidx.text.spi_flash_send_halfword), (8 bytes).
    Removing startup_gd32e50x_hd.o(HEAP), (1024 bytes).

1695 unused section(s) (total 59997 bytes) removed from the image.

==============================================================================

Image Symbol Table

    Local Symbols

    Symbol Name                              Value     Ov Type        Size  Object(Section)

    ../clib/../cmprslib/lz77c.c              0x00000000   Number         0  __dclz77c.o ABSOLUTE
    ../clib/microlib/init/entry.s            0x00000000   Number         0  entry.o ABSOLUTE
    ../clib/microlib/init/entry.s            0x00000000   Number         0  entry2.o ABSOLUTE
    ../clib/microlib/init/entry.s            0x00000000   Number         0  entry5.o ABSOLUTE
    ../clib/microlib/init/entry.s            0x00000000   Number         0  entry7a.o ABSOLUTE
    ../clib/microlib/init/entry.s            0x00000000   Number         0  entry7b.o ABSOLUTE
    ../clib/microlib/init/entry.s            0x00000000   Number         0  entry8a.o ABSOLUTE
    ../clib/microlib/init/entry.s            0x00000000   Number         0  entry8b.o ABSOLUTE
    ../clib/microlib/init/entry.s            0x00000000   Number         0  entry9a.o ABSOLUTE
    ../clib/microlib/init/entry.s            0x00000000   Number         0  entry9b.o ABSOLUTE
    ../clib/microlib/init/entry.s            0x00000000   Number         0  entry10a.o ABSOLUTE
    ../clib/microlib/init/entry.s            0x00000000   Number         0  entry10b.o ABSOLUTE
    ../clib/microlib/init/entry.s            0x00000000   Number         0  entry11a.o ABSOLUTE
    ../clib/microlib/init/entry.s            0x00000000   Number         0  entry11b.o ABSOLUTE
    ../clib/microlib/longlong.c              0x00000000   Number         0  llshl.o ABSOLUTE
    ../clib/microlib/longlong.c              0x00000000   Number         0  llushr.o ABSOLUTE
    ../clib/microlib/longlong.c              0x00000000   Number         0  llsshr.o ABSOLUTE
    ../clib/microlib/stubs.s                 0x00000000   Number         0  iusefp.o ABSOLUTE
    ../fplib/microlib/d2f.c                  0x00000000   Number         0  d2f.o ABSOLUTE
    ../fplib/microlib/f2d.c                  0x00000000   Number         0  f2d.o ABSOLUTE
    ../fplib/microlib/fpadd.c                0x00000000   Number         0  dadd.o ABSOLUTE
    ../fplib/microlib/fpdiv.c                0x00000000   Number         0  ddiv.o ABSOLUTE
    ../fplib/microlib/fpepilogue.c           0x00000000   Number         0  fepilogue.o ABSOLUTE
    ../fplib/microlib/fpepilogue.c           0x00000000   Number         0  depilogue.o ABSOLUTE
    ../fplib/microlib/fpfix.c                0x00000000   Number         0  dfixi.o ABSOLUTE
    ../fplib/microlib/fpflt.c                0x00000000   Number         0  dflti.o ABSOLUTE
    ../fplib/microlib/fpmul.c                0x00000000   Number         0  dmul.o ABSOLUTE
    ..\..\..\..\GD32E50x_Firmware_Library\CMSIS\GD\GD32E50x\Source\ARM\startup_gd32e50x_hd.s 0x00000000   Number         0  startup_gd32e50x_hd.o ABSOLUTE
    LiBAT.c                                  0x00000000   Number         0  libat.o ABSOLUTE
    ParamAccess.c                            0x00000000   Number         0  paramaccess.o ABSOLUTE
    dc.s                                     0x00000000   Number         0  dc.o ABSOLUTE
    gd25qxx.c                                0x00000000   Number         0  gd25qxx.o ABSOLUTE
    gd32e503v_eval.c                         0x00000000   Number         0  gd32e503v_eval.o ABSOLUTE
    gd32e50x_adc.c                           0x00000000   Number         0  gd32e50x_adc.o ABSOLUTE
    gd32e50x_bkp.c                           0x00000000   Number         0  gd32e50x_bkp.o ABSOLUTE
    gd32e50x_can.c                           0x00000000   Number         0  gd32e50x_can.o ABSOLUTE
    gd32e50x_cmp.c                           0x00000000   Number         0  gd32e50x_cmp.o ABSOLUTE
    gd32e50x_crc.c                           0x00000000   Number         0  gd32e50x_crc.o ABSOLUTE
    gd32e50x_ctc.c                           0x00000000   Number         0  gd32e50x_ctc.o ABSOLUTE
    gd32e50x_dac.c                           0x00000000   Number         0  gd32e50x_dac.o ABSOLUTE
    gd32e50x_dbg.c                           0x00000000   Number         0  gd32e50x_dbg.o ABSOLUTE
    gd32e50x_dma.c                           0x00000000   Number         0  gd32e50x_dma.o ABSOLUTE
    gd32e50x_enet.c                          0x00000000   Number         0  gd32e50x_enet.o ABSOLUTE
    gd32e50x_exmc.c                          0x00000000   Number         0  gd32e50x_exmc.o ABSOLUTE
    gd32e50x_exti.c                          0x00000000   Number         0  gd32e50x_exti.o ABSOLUTE
    gd32e50x_fmc.c                           0x00000000   Number         0  gd32e50x_fmc.o ABSOLUTE
    gd32e50x_fwdgt.c                         0x00000000   Number         0  gd32e50x_fwdgt.o ABSOLUTE
    gd32e50x_gpio.c                          0x00000000   Number         0  gd32e50x_gpio.o ABSOLUTE
    gd32e50x_i2c.c                           0x00000000   Number         0  gd32e50x_i2c.o ABSOLUTE
    gd32e50x_it.c                            0x00000000   Number         0  gd32e50x_it.o ABSOLUTE
    gd32e50x_misc.c                          0x00000000   Number         0  gd32e50x_misc.o ABSOLUTE
    gd32e50x_pmu.c                           0x00000000   Number         0  gd32e50x_pmu.o ABSOLUTE
    gd32e50x_rcu.c                           0x00000000   Number         0  gd32e50x_rcu.o ABSOLUTE
    gd32e50x_rtc.c                           0x00000000   Number         0  gd32e50x_rtc.o ABSOLUTE
    gd32e50x_sdio.c                          0x00000000   Number         0  gd32e50x_sdio.o ABSOLUTE
    gd32e50x_shrtimer.c                      0x00000000   Number         0  gd32e50x_shrtimer.o ABSOLUTE
    gd32e50x_spi.c                           0x00000000   Number         0  gd32e50x_spi.o ABSOLUTE
    gd32e50x_sqpi.c                          0x00000000   Number         0  gd32e50x_sqpi.o ABSOLUTE
    gd32e50x_timer.c                         0x00000000   Number         0  gd32e50x_timer.o ABSOLUTE
    gd32e50x_tmu.c                           0x00000000   Number         0  gd32e50x_tmu.o ABSOLUTE
    gd32e50x_usart.c                         0x00000000   Number         0  gd32e50x_usart.o ABSOLUTE
    gd32e50x_wwdgt.c                         0x00000000   Number         0  gd32e50x_wwdgt.o ABSOLUTE
    handlers.s                               0x00000000   Number         0  handlers.o ABSOLUTE
    init.s                                   0x00000000   Number         0  init.o ABSOLUTE
    main.c                                   0x00000000   Number         0  main.o ABSOLUTE
    system_gd32e50x.c                        0x00000000   Number         0  system_gd32e50x.o ABSOLUTE
    systick.c                                0x00000000   Number         0  systick.o ABSOLUTE
    RESET                                    0x08000000   Section      416  startup_gd32e50x_hd.o(RESET)
    .ARM.Collect$$$$00000000                 0x080001a0   Section        0  entry.o(.ARM.Collect$$$$00000000)
    .ARM.Collect$$$$00000001                 0x080001a0   Section        4  entry2.o(.ARM.Collect$$$$00000001)
    .ARM.Collect$$$$00000004                 0x080001a4   Section        4  entry5.o(.ARM.Collect$$$$00000004)
    .ARM.Collect$$$$00000008                 0x080001a8   Section        0  entry7b.o(.ARM.Collect$$$$00000008)
    .ARM.Collect$$$$0000000A                 0x080001a8   Section        0  entry8b.o(.ARM.Collect$$$$0000000A)
    .ARM.Collect$$$$0000000B                 0x080001a8   Section        8  entry9a.o(.ARM.Collect$$$$0000000B)
    __lit__00000000                          0x080001b0   Data           4  entry2.o(.ARM.Collect$$$$00002712)
    .ARM.Collect$$$$0000000D                 0x080001b0   Section        0  entry10a.o(.ARM.Collect$$$$0000000D)
    .ARM.Collect$$$$0000000F                 0x080001b0   Section        0  entry11a.o(.ARM.Collect$$$$0000000F)
    .ARM.Collect$$$$00002712                 0x080001b0   Section        4  entry2.o(.ARM.Collect$$$$00002712)
    $v0                                      0x080001b4   Number         0  startup_gd32e50x_hd.o(.text)
    .text                                    0x080001b4   Section       36  startup_gd32e50x_hd.o(.text)
    .text                                    0x080001d8   Section        0  dadd.o(.text)
    .text                                    0x08000326   Section        0  dmul.o(.text)
    .text                                    0x0800040a   Section        0  ddiv.o(.text)
    .text                                    0x080004e8   Section        0  dflti.o(.text)
    .text                                    0x0800050a   Section        0  dfixi.o(.text)
    .text                                    0x08000548   Section        0  f2d.o(.text)
    .text                                    0x0800056e   Section        0  d2f.o(.text)
    .text                                    0x080005a6   Section        0  llshl.o(.text)
    .text                                    0x080005c4   Section        0  llushr.o(.text)
    .text                                    0x080005e4   Section        0  llsshr.o(.text)
    .text                                    0x08000608   Section        0  iusefp.o(.text)
    .text                                    0x08000608   Section        0  fepilogue.o(.text)
    .text                                    0x08000676   Section        0  depilogue.o(.text)
    .text                                    0x08000730   Section       36  init.o(.text)
    .text                                    0x08000754   Section        0  __dclz77c.o(.text)
    [Anonymous Symbol]                       0x080007b8   Section        0  main.o(.text.AnalyzeCV)
    [Anonymous Symbol]                       0x08000be8   Section        0  main.o(.text.AnalyzePro)
    [Anonymous Symbol]                       0x08000ecc   Section        0  gd32e503v_eval.o(.text.Com_Send)
    [Anonymous Symbol]                       0x0800102c   Section        0  gd32e50x_it.o(.text.HardFault_Handler)
    [Anonymous Symbol]                       0x08001030   Section        0  libat.o(.text.LiBAT_I_Integral)
    [Anonymous Symbol]                       0x080011a8   Section        0  libat.o(.text.LiBAT_Init)
    [Anonymous Symbol]                       0x08001424   Section        0  gd32e50x_it.o(.text.NMI_Handler)
    [Anonymous Symbol]                       0x08001428   Section        0  paramaccess.o(.text.OCVtoSOC)
    [Anonymous Symbol]                       0x080014b8   Section        0  gd32e50x_it.o(.text.PendSV_Handler)
    [Anonymous Symbol]                       0x080014bc   Section        0  gd32e50x_it.o(.text.SVC_Handler)
    SysTick_Config                           0x080014c1   Thumb Code    82  systick.o(.text.SysTick_Config)
    [Anonymous Symbol]                       0x080014c0   Section        0  systick.o(.text.SysTick_Config)
    [Anonymous Symbol]                       0x08001514   Section        0  gd32e50x_it.o(.text.SysTick_Handler)
    [Anonymous Symbol]                       0x0800151c   Section        0  system_gd32e50x.o(.text.SystemInit)
    [Anonymous Symbol]                       0x08001608   Section        0  gd32e50x_it.o(.text.TIMER2_IRQHandler)
    [Anonymous Symbol]                       0x0800163c   Section        0  gd32e50x_it.o(.text.TIMER3_IRQHandler)
    [Anonymous Symbol]                       0x08001670   Section        0  gd32e50x_it.o(.text.TIMER4_IRQHandler)
    [Anonymous Symbol]                       0x08001714   Section        0  main.o(.text.Timer2_Init)
    [Anonymous Symbol]                       0x08001790   Section        0  main.o(.text.Timer3_Init)
    [Anonymous Symbol]                       0x08001808   Section        0  main.o(.text.Timer4_Init)
    [Anonymous Symbol]                       0x08001884   Section        0  gd32e50x_it.o(.text.UART3_IRQHandler)
    [Anonymous Symbol]                       0x080019e8   Section        0  gd32e50x_it.o(.text.UART4_IRQHandler)
    [Anonymous Symbol]                       0x08001b4c   Section        0  gd32e50x_it.o(.text.USART0_IRQHandler)
    [Anonymous Symbol]                       0x08001cd0   Section        0  gd32e50x_it.o(.text.USART1_IRQHandler)
    [Anonymous Symbol]                       0x08001e54   Section        0  gd32e50x_it.o(.text.USART2_IRQHandler)
    [Anonymous Symbol]                       0x08001fb8   Section        0  gd32e50x_it.o(.text.USART5_IRQHandler)
    __NVIC_SetPriority                       0x08002115   Thumb Code    68  systick.o(.text.__NVIC_SetPriority)
    [Anonymous Symbol]                       0x08002114   Section        0  systick.o(.text.__NVIC_SetPriority)
    [Anonymous Symbol]                       0x08002158   Section        0  systick.o(.text.delay_1ms)
    [Anonymous Symbol]                       0x08002180   Section        0  systick.o(.text.delay_decrement)
    [Anonymous Symbol]                       0x080021a4   Section        0  gd32e503v_eval.o(.text.gd_eval_com_init)
    [Anonymous Symbol]                       0x080023fc   Section        0  gd32e50x_gpio.o(.text.gpio_afio_port_config)
    [Anonymous Symbol]                       0x080024a8   Section        0  gd32e50x_gpio.o(.text.gpio_bit_reset)
    [Anonymous Symbol]                       0x080024b8   Section        0  gd32e50x_gpio.o(.text.gpio_bit_set)
    [Anonymous Symbol]                       0x080024c8   Section        0  gd32e50x_gpio.o(.text.gpio_init)
    [Anonymous Symbol]                       0x0800265c   Section        0  gd32e50x_gpio.o(.text.gpio_pin_remap_config)
    [Anonymous Symbol]                       0x0800275c   Section        0  main.o(.text.main)
    [Anonymous Symbol]                       0x08002cf0   Section        0  main.o(.text.mbcrc16)
    [Anonymous Symbol]                       0x08002d70   Section        0  libat.o(.text.myabs)
    [Anonymous Symbol]                       0x08002db4   Section        0  gd32e50x_misc.o(.text.nvic_irq_enable)
    [Anonymous Symbol]                       0x08002ee8   Section        0  gd32e50x_misc.o(.text.nvic_priority_group_set)
    [Anonymous Symbol]                       0x08002f04   Section        0  gd32e50x_misc.o(.text.nvic_vector_table_set)
    [Anonymous Symbol]                       0x08002f2c   Section        0  gd32e50x_rcu.o(.text.rcu_clock_freq_get)
    [Anonymous Symbol]                       0x080031a0   Section        0  gd32e50x_rcu.o(.text.rcu_periph_clock_enable)
    [Anonymous Symbol]                       0x080031d0   Section        0  gd32e50x_rcu.o(.text.rcu_periph_reset_disable)
    [Anonymous Symbol]                       0x08003200   Section        0  gd32e50x_rcu.o(.text.rcu_periph_reset_enable)
    [Anonymous Symbol]                       0x08003230   Section        0  gd32e50x_rcu.o(.text.rcu_usart5_clock_config)
    [Anonymous Symbol]                       0x08003254   Section        0  gd32e50x_spi.o(.text.spi_crc_polynomial_set)
    [Anonymous Symbol]                       0x08003274   Section        0  gd32e50x_spi.o(.text.spi_enable)
    [Anonymous Symbol]                       0x08003288   Section        0  gd25qxx.o(.text.spi_flash_buffer_read)
    [Anonymous Symbol]                       0x0800330c   Section        0  gd25qxx.o(.text.spi_flash_buffer_write)
    [Anonymous Symbol]                       0x080034a8   Section        0  gd25qxx.o(.text.spi_flash_init)
    [Anonymous Symbol]                       0x08003540   Section        0  gd25qxx.o(.text.spi_flash_page_write)
    [Anonymous Symbol]                       0x080035c8   Section        0  gd25qxx.o(.text.spi_flash_sector_erase)
    [Anonymous Symbol]                       0x08003624   Section        0  gd25qxx.o(.text.spi_flash_send_byte)
    [Anonymous Symbol]                       0x08003680   Section        0  gd25qxx.o(.text.spi_flash_wait_for_write_end)
    [Anonymous Symbol]                       0x080036d0   Section        0  gd25qxx.o(.text.spi_flash_write_enable)
    [Anonymous Symbol]                       0x08003700   Section        0  gd32e50x_spi.o(.text.spi_i2s_data_receive)
    [Anonymous Symbol]                       0x08003710   Section        0  gd32e50x_spi.o(.text.spi_i2s_data_transmit)
    [Anonymous Symbol]                       0x08003728   Section        0  gd32e50x_spi.o(.text.spi_i2s_flag_get)
    [Anonymous Symbol]                       0x08003754   Section        0  gd32e50x_spi.o(.text.spi_init)
    system_clock_168m_hxtal                  0x080037c9   Thumb Code   402  system_gd32e50x.o(.text.system_clock_168m_hxtal)
    [Anonymous Symbol]                       0x080037c8   Section        0  system_gd32e50x.o(.text.system_clock_168m_hxtal)
    system_clock_config                      0x0800395d   Thumb Code     8  system_gd32e50x.o(.text.system_clock_config)
    [Anonymous Symbol]                       0x0800395c   Section        0  system_gd32e50x.o(.text.system_clock_config)
    [Anonymous Symbol]                       0x08003964   Section        0  systick.o(.text.systick_config)
    [Anonymous Symbol]                       0x080039a0   Section        0  gd32e50x_timer.o(.text.timer_deinit)
    [Anonymous Symbol]                       0x08003b8c   Section        0  gd32e50x_timer.o(.text.timer_enable)
    [Anonymous Symbol]                       0x08003ba0   Section        0  gd32e50x_timer.o(.text.timer_init)
    [Anonymous Symbol]                       0x08003cb0   Section        0  gd32e50x_timer.o(.text.timer_interrupt_enable)
    [Anonymous Symbol]                       0x08003cc4   Section        0  gd32e50x_timer.o(.text.timer_interrupt_flag_clear)
    [Anonymous Symbol]                       0x08003cd8   Section        0  gd32e50x_timer.o(.text.timer_interrupt_flag_get)
    [Anonymous Symbol]                       0x08003d14   Section        0  gd32e50x_usart.o(.text.usart5_flag_get)
    [Anonymous Symbol]                       0x08003d54   Section        0  gd32e50x_usart.o(.text.usart5_interrupt_enable)
    [Anonymous Symbol]                       0x08003d80   Section        0  gd32e50x_usart.o(.text.usart5_interrupt_flag_clear)
    [Anonymous Symbol]                       0x08003dc0   Section        0  gd32e50x_usart.o(.text.usart5_interrupt_flag_get)
    [Anonymous Symbol]                       0x08003e24   Section        0  gd32e50x_usart.o(.text.usart5_overrun_disable)
    [Anonymous Symbol]                       0x08003e40   Section        0  gd32e50x_usart.o(.text.usart_baudrate_set)
    [Anonymous Symbol]                       0x08003fcc   Section        0  gd32e50x_usart.o(.text.usart_data_receive)
    [Anonymous Symbol]                       0x08004004   Section        0  gd32e50x_usart.o(.text.usart_data_transmit)
    [Anonymous Symbol]                       0x08004040   Section        0  gd32e50x_usart.o(.text.usart_deinit)
    [Anonymous Symbol]                       0x0800411c   Section        0  gd32e50x_usart.o(.text.usart_enable)
    [Anonymous Symbol]                       0x0800414c   Section        0  gd32e50x_usart.o(.text.usart_flag_get)
    [Anonymous Symbol]                       0x0800418c   Section        0  gd32e50x_usart.o(.text.usart_interrupt_enable)
    [Anonymous Symbol]                       0x080041b8   Section        0  gd32e50x_usart.o(.text.usart_interrupt_flag_clear)
    [Anonymous Symbol]                       0x080041d8   Section        0  gd32e50x_usart.o(.text.usart_interrupt_flag_get)
    [Anonymous Symbol]                       0x0800423c   Section        0  gd32e50x_usart.o(.text.usart_parity_config)
    [Anonymous Symbol]                       0x08004294   Section        0  gd32e50x_usart.o(.text.usart_receive_config)
    [Anonymous Symbol]                       0x080042f8   Section        0  gd32e50x_usart.o(.text.usart_stop_bit_set)
    [Anonymous Symbol]                       0x08004350   Section        0  gd32e50x_usart.o(.text.usart_transmit_config)
    [Anonymous Symbol]                       0x080043b4   Section        0  gd32e50x_usart.o(.text.usart_word_length_set)
    i.__scatterload_copy                     0x0800440c   Section       14  handlers.o(i.__scatterload_copy)
    i.__scatterload_null                     0x0800441a   Section        2  handlers.o(i.__scatterload_null)
    i.__scatterload_zeroinit                 0x0800441c   Section       14  handlers.o(i.__scatterload_zeroinit)
    COM_CLK                                  0x20000000   Data          12  gd32e503v_eval.o(.data.COM_CLK)
    [Anonymous Symbol]                       0x20000000   Section        0  gd32e503v_eval.o(.data.COM_CLK)
    COM_GPIO_CLK                             0x20000024   Data          12  gd32e503v_eval.o(.data.COM_GPIO_CLK)
    [Anonymous Symbol]                       0x20000024   Section        0  gd32e503v_eval.o(.data.COM_GPIO_CLK)
    COM_GPIO_PORT                            0x20000030   Data          24  gd32e503v_eval.o(.data.COM_GPIO_PORT)
    [Anonymous Symbol]                       0x20000030   Section        0  gd32e503v_eval.o(.data.COM_GPIO_PORT)
    COM_RX_PIN                               0x20000048   Data          24  gd32e503v_eval.o(.data.COM_RX_PIN)
    [Anonymous Symbol]                       0x20000048   Section        0  gd32e503v_eval.o(.data.COM_RX_PIN)
    COM_TX_PIN                               0x20000060   Data          24  gd32e503v_eval.o(.data.COM_TX_PIN)
    [Anonymous Symbol]                       0x20000060   Section        0  gd32e503v_eval.o(.data.COM_TX_PIN)
    UART_IRQn                                0x20000714   Data           6  gd32e503v_eval.o(.data.UART_IRQn)
    [Anonymous Symbol]                       0x20000714   Section        0  gd32e503v_eval.o(.data.UART_IRQn)
    delay                                    0x200007a0   Data           4  systick.o(.bss.delay)
    [Anonymous Symbol]                       0x200007a0   Section        0  systick.o(.bss.delay)
    STACK                                    0x20000e10   Section     1024  startup_gd32e50x_hd.o(STACK)

    Global Symbols

    Symbol Name                              Value     Ov Type        Size  Object(Section)

    BuildAttributes$$THM_ISAv4$E$P$D$K$B$S$7EM$8M$VFPi5$EXTD16$VFPS$VFMA$PE$A:L22UL41UL21$X:L11$S22US41US21$IEEE1$IW$~IW$USESV6$~STKCKD$USESV7$~SHL$OTIME$ROPI$EBA8$MICROLIB$REQ8$PRES8$EABIv2 0x00000000   Number         0  anon$$obj.o ABSOLUTE
    __cpp_initialize__aeabi_                  - Undefined Weak Reference
    __cxa_finalize                            - Undefined Weak Reference
    _clock_init                               - Undefined Weak Reference
    _microlib_exit                            - Undefined Weak Reference
    __Vectors_Size                           0x000001a0   Number         0  startup_gd32e50x_hd.o ABSOLUTE
    __Vectors                                0x08000000   Data           4  startup_gd32e50x_hd.o(RESET)
    __Vectors_End                            0x080001a0   Data           0  startup_gd32e50x_hd.o(RESET)
    __main                                   0x080001a1   Thumb Code     0  entry.o(.ARM.Collect$$$$00000000)
    _main_stk                                0x080001a1   Thumb Code     0  entry2.o(.ARM.Collect$$$$00000001)
    _main_scatterload                        0x080001a5   Thumb Code     0  entry5.o(.ARM.Collect$$$$00000004)
    __main_after_scatterload                 0x080001a9   Thumb Code     0  entry5.o(.ARM.Collect$$$$00000004)
    _main_clock                              0x080001a9   Thumb Code     0  entry7b.o(.ARM.Collect$$$$00000008)
    _main_cpp_init                           0x080001a9   Thumb Code     0  entry8b.o(.ARM.Collect$$$$0000000A)
    _main_init                               0x080001a9   Thumb Code     0  entry9a.o(.ARM.Collect$$$$0000000B)
    __rt_final_cpp                           0x080001b1   Thumb Code     0  entry10a.o(.ARM.Collect$$$$0000000D)
    __rt_final_exit                          0x080001b1   Thumb Code     0  entry11a.o(.ARM.Collect$$$$0000000F)
    Reset_Handler                            0x080001b5   Thumb Code     8  startup_gd32e50x_hd.o(.text)
    MemManage_Handler                        0x080001c1   Thumb Code     2  startup_gd32e50x_hd.o(.text)
    BusFault_Handler                         0x080001c3   Thumb Code     2  startup_gd32e50x_hd.o(.text)
    UsageFault_Handler                       0x080001c5   Thumb Code     2  startup_gd32e50x_hd.o(.text)
    DebugMon_Handler                         0x080001c9   Thumb Code     2  startup_gd32e50x_hd.o(.text)
    ADC0_1_IRQHandler                        0x080001cf   Thumb Code     0  startup_gd32e50x_hd.o(.text)
    ADC2_IRQHandler                          0x080001cf   Thumb Code     0  startup_gd32e50x_hd.o(.text)
    CAN0_EWMC_IRQHandler                     0x080001cf   Thumb Code     0  startup_gd32e50x_hd.o(.text)
    CAN0_RX1_IRQHandler                      0x080001cf   Thumb Code     0  startup_gd32e50x_hd.o(.text)
    CAN1_EWMC_IRQHandler                     0x080001cf   Thumb Code     0  startup_gd32e50x_hd.o(.text)
    CAN1_RX0_IRQHandler                      0x080001cf   Thumb Code     0  startup_gd32e50x_hd.o(.text)
    CAN1_RX1_IRQHandler                      0x080001cf   Thumb Code     0  startup_gd32e50x_hd.o(.text)
    CAN1_TX_IRQHandler                       0x080001cf   Thumb Code     0  startup_gd32e50x_hd.o(.text)
    DMA0_Channel0_IRQHandler                 0x080001cf   Thumb Code     0  startup_gd32e50x_hd.o(.text)
    DMA0_Channel1_IRQHandler                 0x080001cf   Thumb Code     0  startup_gd32e50x_hd.o(.text)
    DMA0_Channel2_IRQHandler                 0x080001cf   Thumb Code     0  startup_gd32e50x_hd.o(.text)
    DMA0_Channel3_IRQHandler                 0x080001cf   Thumb Code     0  startup_gd32e50x_hd.o(.text)
    DMA0_Channel4_IRQHandler                 0x080001cf   Thumb Code     0  startup_gd32e50x_hd.o(.text)
    DMA0_Channel5_IRQHandler                 0x080001cf   Thumb Code     0  startup_gd32e50x_hd.o(.text)
    DMA0_Channel6_IRQHandler                 0x080001cf   Thumb Code     0  startup_gd32e50x_hd.o(.text)
    DMA1_Channel0_IRQHandler                 0x080001cf   Thumb Code     0  startup_gd32e50x_hd.o(.text)
    DMA1_Channel1_IRQHandler                 0x080001cf   Thumb Code     0  startup_gd32e50x_hd.o(.text)
    DMA1_Channel2_IRQHandler                 0x080001cf   Thumb Code     0  startup_gd32e50x_hd.o(.text)
    DMA1_Channel3_4_IRQHandler               0x080001cf   Thumb Code     0  startup_gd32e50x_hd.o(.text)
    EXMC_IRQHandler                          0x080001cf   Thumb Code     0  startup_gd32e50x_hd.o(.text)
    EXTI0_IRQHandler                         0x080001cf   Thumb Code     0  startup_gd32e50x_hd.o(.text)
    EXTI10_15_IRQHandler                     0x080001cf   Thumb Code     0  startup_gd32e50x_hd.o(.text)
    EXTI1_IRQHandler                         0x080001cf   Thumb Code     0  startup_gd32e50x_hd.o(.text)
    EXTI2_IRQHandler                         0x080001cf   Thumb Code     0  startup_gd32e50x_hd.o(.text)
    EXTI3_IRQHandler                         0x080001cf   Thumb Code     0  startup_gd32e50x_hd.o(.text)
    EXTI4_IRQHandler                         0x080001cf   Thumb Code     0  startup_gd32e50x_hd.o(.text)
    EXTI5_9_IRQHandler                       0x080001cf   Thumb Code     0  startup_gd32e50x_hd.o(.text)
    FMC_IRQHandler                           0x080001cf   Thumb Code     0  startup_gd32e50x_hd.o(.text)
    I2C0_ER_IRQHandler                       0x080001cf   Thumb Code     0  startup_gd32e50x_hd.o(.text)
    I2C0_EV_IRQHandler                       0x080001cf   Thumb Code     0  startup_gd32e50x_hd.o(.text)
    I2C1_ER_IRQHandler                       0x080001cf   Thumb Code     0  startup_gd32e50x_hd.o(.text)
    I2C1_EV_IRQHandler                       0x080001cf   Thumb Code     0  startup_gd32e50x_hd.o(.text)
    I2C2_ER_IRQHandler                       0x080001cf   Thumb Code     0  startup_gd32e50x_hd.o(.text)
    I2C2_EV_IRQHandler                       0x080001cf   Thumb Code     0  startup_gd32e50x_hd.o(.text)
    I2C2_WKUP_IRQHandler                     0x080001cf   Thumb Code     0  startup_gd32e50x_hd.o(.text)
    LVD_IRQHandler                           0x080001cf   Thumb Code     0  startup_gd32e50x_hd.o(.text)
    RCU_CTC_IRQHandler                       0x080001cf   Thumb Code     0  startup_gd32e50x_hd.o(.text)
    RTC_Alarm_IRQHandler                     0x080001cf   Thumb Code     0  startup_gd32e50x_hd.o(.text)
    RTC_IRQHandler                           0x080001cf   Thumb Code     0  startup_gd32e50x_hd.o(.text)
    SDIO_IRQHandler                          0x080001cf   Thumb Code     0  startup_gd32e50x_hd.o(.text)
    SHRTIMER_IRQ0_IRQHandler                 0x080001cf   Thumb Code     0  startup_gd32e50x_hd.o(.text)
    SHRTIMER_IRQ1_IRQHandler                 0x080001cf   Thumb Code     0  startup_gd32e50x_hd.o(.text)
    SHRTIMER_IRQ2_IRQHandler                 0x080001cf   Thumb Code     0  startup_gd32e50x_hd.o(.text)
    SHRTIMER_IRQ3_IRQHandler                 0x080001cf   Thumb Code     0  startup_gd32e50x_hd.o(.text)
    SHRTIMER_IRQ4_IRQHandler                 0x080001cf   Thumb Code     0  startup_gd32e50x_hd.o(.text)
    SHRTIMER_IRQ5_IRQHandler                 0x080001cf   Thumb Code     0  startup_gd32e50x_hd.o(.text)
    SHRTIMER_IRQ6_IRQHandler                 0x080001cf   Thumb Code     0  startup_gd32e50x_hd.o(.text)
    SPI0_IRQHandler                          0x080001cf   Thumb Code     0  startup_gd32e50x_hd.o(.text)
    SPI1_I2S1ADD_IRQHandler                  0x080001cf   Thumb Code     0  startup_gd32e50x_hd.o(.text)
    SPI2_I2S2ADD_IRQHandler                  0x080001cf   Thumb Code     0  startup_gd32e50x_hd.o(.text)
    TAMPER_IRQHandler                        0x080001cf   Thumb Code     0  startup_gd32e50x_hd.o(.text)
    TIMER0_BRK_TIMER8_IRQHandler             0x080001cf   Thumb Code     0  startup_gd32e50x_hd.o(.text)
    TIMER0_Channel_IRQHandler                0x080001cf   Thumb Code     0  startup_gd32e50x_hd.o(.text)
    TIMER0_TRG_CMT_TIMER10_IRQHandler        0x080001cf   Thumb Code     0  startup_gd32e50x_hd.o(.text)
    TIMER0_UP_TIMER9_IRQHandler              0x080001cf   Thumb Code     0  startup_gd32e50x_hd.o(.text)
    TIMER1_IRQHandler                        0x080001cf   Thumb Code     0  startup_gd32e50x_hd.o(.text)
    TIMER5_DAC_IRQHandler                    0x080001cf   Thumb Code     0  startup_gd32e50x_hd.o(.text)
    TIMER6_IRQHandler                        0x080001cf   Thumb Code     0  startup_gd32e50x_hd.o(.text)
    TIMER7_BRK_TIMER11_IRQHandler            0x080001cf   Thumb Code     0  startup_gd32e50x_hd.o(.text)
    TIMER7_Channel_IRQHandler                0x080001cf   Thumb Code     0  startup_gd32e50x_hd.o(.text)
    TIMER7_TRG_CMT_TIMER13_IRQHandler        0x080001cf   Thumb Code     0  startup_gd32e50x_hd.o(.text)
    TIMER7_UP_TIMER12_IRQHandler             0x080001cf   Thumb Code     0  startup_gd32e50x_hd.o(.text)
    USART5_WKUP_IRQHandler                   0x080001cf   Thumb Code     0  startup_gd32e50x_hd.o(.text)
    USBD_HP_CAN0_TX_IRQHandler               0x080001cf   Thumb Code     0  startup_gd32e50x_hd.o(.text)
    USBD_LP_CAN0_RX0_IRQHandler              0x080001cf   Thumb Code     0  startup_gd32e50x_hd.o(.text)
    USBD_WKUP_IRQHandler                     0x080001cf   Thumb Code     0  startup_gd32e50x_hd.o(.text)
    WWDGT_IRQHandler                         0x080001cf   Thumb Code     0  startup_gd32e50x_hd.o(.text)
    __aeabi_dadd                             0x080001d9   Thumb Code   322  dadd.o(.text)
    __aeabi_dsub                             0x0800031b   Thumb Code     6  dadd.o(.text)
    __aeabi_drsub                            0x08000321   Thumb Code     6  dadd.o(.text)
    __aeabi_dmul                             0x08000327   Thumb Code   228  dmul.o(.text)
    __aeabi_ddiv                             0x0800040b   Thumb Code   222  ddiv.o(.text)
    __aeabi_i2d                              0x080004e9   Thumb Code    34  dflti.o(.text)
    __aeabi_d2iz                             0x0800050b   Thumb Code    62  dfixi.o(.text)
    __aeabi_f2d                              0x08000549   Thumb Code    38  f2d.o(.text)
    __aeabi_d2f                              0x0800056f   Thumb Code    56  d2f.o(.text)
    __aeabi_llsl                             0x080005a7   Thumb Code    30  llshl.o(.text)
    _ll_shift_l                              0x080005a7   Thumb Code     0  llshl.o(.text)
    __aeabi_llsr                             0x080005c5   Thumb Code    32  llushr.o(.text)
    _ll_ushift_r                             0x080005c5   Thumb Code     0  llushr.o(.text)
    __aeabi_lasr                             0x080005e5   Thumb Code    36  llsshr.o(.text)
    _ll_sshift_r                             0x080005e5   Thumb Code     0  llsshr.o(.text)
    __I$use$fp                               0x08000609   Thumb Code     0  iusefp.o(.text)
    _float_round                             0x08000609   Thumb Code    18  fepilogue.o(.text)
    _float_epilogue                          0x0800061b   Thumb Code    92  fepilogue.o(.text)
    _double_round                            0x08000677   Thumb Code    30  depilogue.o(.text)
    _double_epilogue                         0x08000695   Thumb Code   156  depilogue.o(.text)
    __scatterload                            0x08000731   Thumb Code    28  init.o(.text)
    __scatterload_rt2                        0x08000731   Thumb Code     0  init.o(.text)
    __decompress                             0x08000755   Thumb Code     0  __dclz77c.o(.text)
    __decompress2                            0x08000755   Thumb Code    94  __dclz77c.o(.text)
    AnalyzeCV                                0x080007b9   Thumb Code  1072  main.o(.text.AnalyzeCV)
    AnalyzePro                               0x08000be9   Thumb Code   740  main.o(.text.AnalyzePro)
    Com_Send                                 0x08000ecd   Thumb Code   352  gd32e503v_eval.o(.text.Com_Send)
    HardFault_Handler                        0x0800102d   Thumb Code     4  gd32e50x_it.o(.text.HardFault_Handler)
    LiBAT_I_Integral                         0x08001031   Thumb Code   372  libat.o(.text.LiBAT_I_Integral)
    LiBAT_Init                               0x080011a9   Thumb Code   636  libat.o(.text.LiBAT_Init)
    NMI_Handler                              0x08001425   Thumb Code     2  gd32e50x_it.o(.text.NMI_Handler)
    OCVtoSOC                                 0x08001429   Thumb Code   142  paramaccess.o(.text.OCVtoSOC)
    PendSV_Handler                           0x080014b9   Thumb Code     2  gd32e50x_it.o(.text.PendSV_Handler)
    SVC_Handler                              0x080014bd   Thumb Code     2  gd32e50x_it.o(.text.SVC_Handler)
    SysTick_Handler                          0x08001515   Thumb Code     8  gd32e50x_it.o(.text.SysTick_Handler)
    SystemInit                               0x0800151d   Thumb Code   236  system_gd32e50x.o(.text.SystemInit)
    TIMER2_IRQHandler                        0x08001609   Thumb Code    50  gd32e50x_it.o(.text.TIMER2_IRQHandler)
    TIMER3_IRQHandler                        0x0800163d   Thumb Code    50  gd32e50x_it.o(.text.TIMER3_IRQHandler)
    TIMER4_IRQHandler                        0x08001671   Thumb Code   162  gd32e50x_it.o(.text.TIMER4_IRQHandler)
    Timer2_Init                              0x08001715   Thumb Code   124  main.o(.text.Timer2_Init)
    Timer3_Init                              0x08001791   Thumb Code   118  main.o(.text.Timer3_Init)
    Timer4_Init                              0x08001809   Thumb Code   124  main.o(.text.Timer4_Init)
    UART3_IRQHandler                         0x08001885   Thumb Code   354  gd32e50x_it.o(.text.UART3_IRQHandler)
    UART4_IRQHandler                         0x080019e9   Thumb Code   354  gd32e50x_it.o(.text.UART4_IRQHandler)
    USART0_IRQHandler                        0x08001b4d   Thumb Code   386  gd32e50x_it.o(.text.USART0_IRQHandler)
    USART1_IRQHandler                        0x08001cd1   Thumb Code   386  gd32e50x_it.o(.text.USART1_IRQHandler)
    USART2_IRQHandler                        0x08001e55   Thumb Code   354  gd32e50x_it.o(.text.USART2_IRQHandler)
    USART5_IRQHandler                        0x08001fb9   Thumb Code   346  gd32e50x_it.o(.text.USART5_IRQHandler)
    delay_1ms                                0x08002159   Thumb Code    40  systick.o(.text.delay_1ms)
    delay_decrement                          0x08002181   Thumb Code    34  systick.o(.text.delay_decrement)
    gd_eval_com_init                         0x080021a5   Thumb Code   600  gd32e503v_eval.o(.text.gd_eval_com_init)
    gpio_afio_port_config                    0x080023fd   Thumb Code   170  gd32e50x_gpio.o(.text.gpio_afio_port_config)
    gpio_bit_reset                           0x080024a9   Thumb Code    16  gd32e50x_gpio.o(.text.gpio_bit_reset)
    gpio_bit_set                             0x080024b9   Thumb Code    16  gd32e50x_gpio.o(.text.gpio_bit_set)
    gpio_init                                0x080024c9   Thumb Code   404  gd32e50x_gpio.o(.text.gpio_init)
    gpio_pin_remap_config                    0x0800265d   Thumb Code   256  gd32e50x_gpio.o(.text.gpio_pin_remap_config)
    main                                     0x0800275d   Thumb Code  1426  main.o(.text.main)
    mbcrc16                                  0x08002cf1   Thumb Code   126  main.o(.text.mbcrc16)
    myabs                                    0x08002d71   Thumb Code    68  libat.o(.text.myabs)
    nvic_irq_enable                          0x08002db5   Thumb Code   308  gd32e50x_misc.o(.text.nvic_irq_enable)
    nvic_priority_group_set                  0x08002ee9   Thumb Code    28  gd32e50x_misc.o(.text.nvic_priority_group_set)
    nvic_vector_table_set                    0x08002f05   Thumb Code    40  gd32e50x_misc.o(.text.nvic_vector_table_set)
    rcu_clock_freq_get                       0x08002f2d   Thumb Code   628  gd32e50x_rcu.o(.text.rcu_clock_freq_get)
    rcu_periph_clock_enable                  0x080031a1   Thumb Code    46  gd32e50x_rcu.o(.text.rcu_periph_clock_enable)
    rcu_periph_reset_disable                 0x080031d1   Thumb Code    46  gd32e50x_rcu.o(.text.rcu_periph_reset_disable)
    rcu_periph_reset_enable                  0x08003201   Thumb Code    46  gd32e50x_rcu.o(.text.rcu_periph_reset_enable)
    rcu_usart5_clock_config                  0x08003231   Thumb Code    36  gd32e50x_rcu.o(.text.rcu_usart5_clock_config)
    spi_crc_polynomial_set                   0x08003255   Thumb Code    32  gd32e50x_spi.o(.text.spi_crc_polynomial_set)
    spi_enable                               0x08003275   Thumb Code    18  gd32e50x_spi.o(.text.spi_enable)
    spi_flash_buffer_read                    0x08003289   Thumb Code   130  gd25qxx.o(.text.spi_flash_buffer_read)
    spi_flash_buffer_write                   0x0800330d   Thumb Code   410  gd25qxx.o(.text.spi_flash_buffer_write)
    spi_flash_init                           0x080034a9   Thumb Code   152  gd25qxx.o(.text.spi_flash_init)
    spi_flash_page_write                     0x08003541   Thumb Code   136  gd25qxx.o(.text.spi_flash_page_write)
    spi_flash_sector_erase                   0x080035c9   Thumb Code    92  gd25qxx.o(.text.spi_flash_sector_erase)
    spi_flash_send_byte                      0x08003625   Thumb Code    92  gd25qxx.o(.text.spi_flash_send_byte)
    spi_flash_wait_for_write_end             0x08003681   Thumb Code    78  gd25qxx.o(.text.spi_flash_wait_for_write_end)
    spi_flash_write_enable                   0x080036d1   Thumb Code    46  gd25qxx.o(.text.spi_flash_write_enable)
    spi_i2s_data_receive                     0x08003701   Thumb Code    14  gd32e50x_spi.o(.text.spi_i2s_data_receive)
    spi_i2s_data_transmit                    0x08003711   Thumb Code    22  gd32e50x_spi.o(.text.spi_i2s_data_transmit)
    spi_i2s_flag_get                         0x08003729   Thumb Code    42  gd32e50x_spi.o(.text.spi_i2s_flag_get)
    spi_init                                 0x08003755   Thumb Code   114  gd32e50x_spi.o(.text.spi_init)
    systick_config                           0x08003965   Thumb Code    60  systick.o(.text.systick_config)
    timer_deinit                             0x080039a1   Thumb Code   490  gd32e50x_timer.o(.text.timer_deinit)
    timer_enable                             0x08003b8d   Thumb Code    18  gd32e50x_timer.o(.text.timer_enable)
    timer_init                               0x08003ba1   Thumb Code   272  gd32e50x_timer.o(.text.timer_init)
    timer_interrupt_enable                   0x08003cb1   Thumb Code    20  gd32e50x_timer.o(.text.timer_interrupt_enable)
    timer_interrupt_flag_clear               0x08003cc5   Thumb Code    18  gd32e50x_timer.o(.text.timer_interrupt_flag_clear)
    timer_interrupt_flag_get                 0x08003cd9   Thumb Code    60  gd32e50x_timer.o(.text.timer_interrupt_flag_get)
    usart5_flag_get                          0x08003d15   Thumb Code    62  gd32e50x_usart.o(.text.usart5_flag_get)
    usart5_interrupt_enable                  0x08003d55   Thumb Code    42  gd32e50x_usart.o(.text.usart5_interrupt_enable)
    usart5_interrupt_flag_clear              0x08003d81   Thumb Code    64  gd32e50x_usart.o(.text.usart5_interrupt_flag_clear)
    usart5_interrupt_flag_get                0x08003dc1   Thumb Code   100  gd32e50x_usart.o(.text.usart5_interrupt_flag_get)
    usart5_overrun_disable                   0x08003e25   Thumb Code    28  gd32e50x_usart.o(.text.usart5_overrun_disable)
    usart_baudrate_set                       0x08003e41   Thumb Code   394  gd32e50x_usart.o(.text.usart_baudrate_set)
    usart_data_receive                       0x08003fcd   Thumb Code    56  gd32e50x_usart.o(.text.usart_data_receive)
    usart_data_transmit                      0x08004005   Thumb Code    58  gd32e50x_usart.o(.text.usart_data_transmit)
    usart_deinit                             0x08004041   Thumb Code   218  gd32e50x_usart.o(.text.usart_deinit)
    usart_enable                             0x0800411d   Thumb Code    48  gd32e50x_usart.o(.text.usart_enable)
    usart_flag_get                           0x0800414d   Thumb Code    62  gd32e50x_usart.o(.text.usart_flag_get)
    usart_interrupt_enable                   0x0800418d   Thumb Code    42  gd32e50x_usart.o(.text.usart_interrupt_enable)
    usart_interrupt_flag_clear               0x080041b9   Thumb Code    30  gd32e50x_usart.o(.text.usart_interrupt_flag_clear)
    usart_interrupt_flag_get                 0x080041d9   Thumb Code   100  gd32e50x_usart.o(.text.usart_interrupt_flag_get)
    usart_parity_config                      0x0800423d   Thumb Code    88  gd32e50x_usart.o(.text.usart_parity_config)
    usart_receive_config                     0x08004295   Thumb Code    98  gd32e50x_usart.o(.text.usart_receive_config)
    usart_stop_bit_set                       0x080042f9   Thumb Code    88  gd32e50x_usart.o(.text.usart_stop_bit_set)
    usart_transmit_config                    0x08004351   Thumb Code    98  gd32e50x_usart.o(.text.usart_transmit_config)
    usart_word_length_set                    0x080043b5   Thumb Code    88  gd32e50x_usart.o(.text.usart_word_length_set)
    __scatterload_copy                       0x0800440d   Thumb Code    14  handlers.o(i.__scatterload_copy)
    __scatterload_null                       0x0800441b   Thumb Code     2  handlers.o(i.__scatterload_null)
    __scatterload_zeroinit                   0x0800441d   Thumb Code    14  handlers.o(i.__scatterload_zeroinit)
    Region$$Table$$Base                      0x0800442c   Number         0  anon$$obj.o(Region$$Table)
    Region$$Table$$Limit                     0x0800444c   Number         0  anon$$obj.o(Region$$Table)
    COM_EVAL                                 0x2000000c   Data          24  gd32e503v_eval.o(.data.COM_EVAL)
    OCV_SOC                                  0x20000078   Data        1688  paramaccess.o(.data.OCV_SOC)
    SystemCoreClock                          0x20000710   Data           4  system_gd32e50x.o(.data.SystemCoreClock)
    tx_buffer_Bat                            0x2000071a   Data          20  main.o(.data.tx_buffer_Bat)
    tx_buffer_Sys                            0x2000072e   Data          20  main.o(.data.tx_buffer_Sys)
    tx_buffer_size                           0x20000744   Data           4  main.o(.data.tx_buffer_size)
    LiBATPack                                0x20000748   Data          84  main.o(.bss.LiBATPack)
    Libat_flag                               0x2000079c   Data           1  main.o(.bss.Libat_flag)
    flash_read_buffer                        0x200007a4   Data          10  libat.o(.bss.flash_read_buffer)
    flash_write_buffer                       0x200007ae   Data          10  main.o(.bss.flash_write_buffer)
    holdingregister                          0x200007b8   Data          30  main.o(.bss.holdingregister)
    init_flag                                0x200007d6   Data           1  main.o(.bss.init_flag)
    resetframe                               0x200007d7   Data           6  main.o(.bss.resetframe)
    rx_buffer                                0x200007dd   Data        1536  main.o(.bss.rx_buffer)
    rx_buffer_size                           0x20000de0   Data          24  main.o(.bss.rx_buffer_size)
    rx_count                                 0x20000df8   Data           6  main.o(.bss.rx_count)
    timeout                                  0x20000dfe   Data           6  main.o(.bss.timeout)
    timer_sample_flag                        0x20000e04   Data           1  main.o(.bss.timer_sample_flag)
    timer_update_flag                        0x20000e05   Data           1  main.o(.bss.timer_update_flag)
    timerun                                  0x20000e06   Data           6  main.o(.bss.timerun)
    __initial_sp                             0x20001210   Data           0  startup_gd32e50x_hd.o(STACK)



==============================================================================

Memory Map of the image

  Image Entry point : 0x080001a1

  Load Region LR_IROM1 (Base: 0x08000000, Size: 0x00004b98, Max: 0x00080000, ABSOLUTE, COMPRESSED[0x00004ab0])

    Execution Region ER_IROM1 (Exec base: 0x08000000, Load base: 0x08000000, Size: 0x0000444c, Max: 0x00080000, ABSOLUTE)

    Exec Addr    Load Addr    Size         Type   Attr      Idx    E Section Name        Object

    0x08000000   0x08000000   0x000001a0   Data   RO         2009    RESET               startup_gd32e50x_hd.o
    0x080001a0   0x080001a0   0x00000000   Code   RO         2016  * .ARM.Collect$$$$00000000  mc_w.l(entry.o)
    0x080001a0   0x080001a0   0x00000004   Code   RO         2033    .ARM.Collect$$$$00000001  mc_w.l(entry2.o)
    0x080001a4   0x080001a4   0x00000004   Code   RO         2036    .ARM.Collect$$$$00000004  mc_w.l(entry5.o)
    0x080001a8   0x080001a8   0x00000000   Code   RO         2038    .ARM.Collect$$$$00000008  mc_w.l(entry7b.o)
    0x080001a8   0x080001a8   0x00000000   Code   RO         2040    .ARM.Collect$$$$0000000A  mc_w.l(entry8b.o)
    0x080001a8   0x080001a8   0x00000008   Code   RO         2041    .ARM.Collect$$$$0000000B  mc_w.l(entry9a.o)
    0x080001b0   0x080001b0   0x00000000   Code   RO         2043    .ARM.Collect$$$$0000000D  mc_w.l(entry10a.o)
    0x080001b0   0x080001b0   0x00000000   Code   RO         2045    .ARM.Collect$$$$0000000F  mc_w.l(entry11a.o)
    0x080001b0   0x080001b0   0x00000004   Code   RO         2034    .ARM.Collect$$$$00002712  mc_w.l(entry2.o)
    0x080001b4   0x080001b4   0x00000024   Code   RO         2010    .text               startup_gd32e50x_hd.o
    0x080001d8   0x080001d8   0x0000014e   Code   RO         2019    .text               mf_w.l(dadd.o)
    0x08000326   0x08000326   0x000000e4   Code   RO         2021    .text               mf_w.l(dmul.o)
    0x0800040a   0x0800040a   0x000000de   Code   RO         2023    .text               mf_w.l(ddiv.o)
    0x080004e8   0x080004e8   0x00000022   Code   RO         2025    .text               mf_w.l(dflti.o)
    0x0800050a   0x0800050a   0x0000003e   Code   RO         2027    .text               mf_w.l(dfixi.o)
    0x08000548   0x08000548   0x00000026   Code   RO         2029    .text               mf_w.l(f2d.o)
    0x0800056e   0x0800056e   0x00000038   Code   RO         2031    .text               mf_w.l(d2f.o)
    0x080005a6   0x080005a6   0x0000001e   Code   RO         2047    .text               mc_w.l(llshl.o)
    0x080005c4   0x080005c4   0x00000020   Code   RO         2049    .text               mc_w.l(llushr.o)
    0x080005e4   0x080005e4   0x00000024   Code   RO         2051    .text               mc_w.l(llsshr.o)
    0x08000608   0x08000608   0x00000000   Code   RO         2053    .text               mc_w.l(iusefp.o)
    0x08000608   0x08000608   0x0000006e   Code   RO         2054    .text               mf_w.l(fepilogue.o)
    0x08000676   0x08000676   0x000000ba   Code   RO         2056    .text               mf_w.l(depilogue.o)
    0x08000730   0x08000730   0x00000024   Code   RO         2058    .text               mc_w.l(init.o)
    0x08000754   0x08000754   0x0000005e   Code   RO         2068    .text               mc_w.l(__dclz77c.o)
    0x080007b2   0x080007b2   0x00000006   PAD
    0x080007b8   0x080007b8   0x00000430   Code   RO           14    .text.AnalyzeCV     main.o
    0x08000be8   0x08000be8   0x000002e4   Code   RO           12    .text.AnalyzePro    main.o
    0x08000ecc   0x08000ecc   0x00000160   Code   RO         1947    .text.Com_Send      gd32e503v_eval.o
    0x0800102c   0x0800102c   0x00000004   Code   RO           42    .text.HardFault_Handler  gd32e50x_it.o
    0x08001030   0x08001030   0x00000174   Code   RO           99    .text.LiBAT_I_Integral  libat.o
    0x080011a4   0x080011a4   0x00000004   PAD
    0x080011a8   0x080011a8   0x0000027c   Code   RO           97    .text.LiBAT_Init    libat.o
    0x08001424   0x08001424   0x00000002   Code   RO           40    .text.NMI_Handler   gd32e50x_it.o
    0x08001426   0x08001426   0x00000002   PAD
    0x08001428   0x08001428   0x0000008e   Code   RO          111    .text.OCVtoSOC      paramaccess.o
    0x080014b6   0x080014b6   0x00000002   PAD
    0x080014b8   0x080014b8   0x00000002   Code   RO           46    .text.PendSV_Handler  gd32e50x_it.o
    0x080014ba   0x080014ba   0x00000002   PAD
    0x080014bc   0x080014bc   0x00000002   Code   RO           44    .text.SVC_Handler   gd32e50x_it.o
    0x080014be   0x080014be   0x00000002   PAD
    0x080014c0   0x080014c0   0x00000052   Code   RO           77    .text.SysTick_Config  systick.o
    0x08001512   0x08001512   0x00000002   PAD
    0x08001514   0x08001514   0x00000008   Code   RO           48    .text.SysTick_Handler  gd32e50x_it.o
    0x0800151c   0x0800151c   0x000000ec   Code   RO          121    .text.SystemInit    system_gd32e50x.o
    0x08001608   0x08001608   0x00000032   Code   RO           62    .text.TIMER2_IRQHandler  gd32e50x_it.o
    0x0800163a   0x0800163a   0x00000002   PAD
    0x0800163c   0x0800163c   0x00000032   Code   RO           64    .text.TIMER3_IRQHandler  gd32e50x_it.o
    0x0800166e   0x0800166e   0x00000002   PAD
    0x08001670   0x08001670   0x000000a2   Code   RO           66    .text.TIMER4_IRQHandler  gd32e50x_it.o
    0x08001712   0x08001712   0x00000002   PAD
    0x08001714   0x08001714   0x0000007c   Code   RO            2    .text.Timer2_Init   main.o
    0x08001790   0x08001790   0x00000076   Code   RO            4    .text.Timer3_Init   main.o
    0x08001806   0x08001806   0x00000002   PAD
    0x08001808   0x08001808   0x0000007c   Code   RO            6    .text.Timer4_Init   main.o
    0x08001884   0x08001884   0x00000162   Code   RO           56    .text.UART3_IRQHandler  gd32e50x_it.o
    0x080019e6   0x080019e6   0x00000002   PAD
    0x080019e8   0x080019e8   0x00000162   Code   RO           58    .text.UART4_IRQHandler  gd32e50x_it.o
    0x08001b4a   0x08001b4a   0x00000002   PAD
    0x08001b4c   0x08001b4c   0x00000182   Code   RO           50    .text.USART0_IRQHandler  gd32e50x_it.o
    0x08001cce   0x08001cce   0x00000002   PAD
    0x08001cd0   0x08001cd0   0x00000182   Code   RO           52    .text.USART1_IRQHandler  gd32e50x_it.o
    0x08001e52   0x08001e52   0x00000002   PAD
    0x08001e54   0x08001e54   0x00000162   Code   RO           54    .text.USART2_IRQHandler  gd32e50x_it.o
    0x08001fb6   0x08001fb6   0x00000002   PAD
    0x08001fb8   0x08001fb8   0x0000015a   Code   RO           60    .text.USART5_IRQHandler  gd32e50x_it.o
    0x08002112   0x08002112   0x00000002   PAD
    0x08002114   0x08002114   0x00000044   Code   RO           79    .text.__NVIC_SetPriority  systick.o
    0x08002158   0x08002158   0x00000028   Code   RO           81    .text.delay_1ms     systick.o
    0x08002180   0x08002180   0x00000022   Code   RO           83    .text.delay_decrement  systick.o
    0x080021a2   0x080021a2   0x00000002   PAD
    0x080021a4   0x080021a4   0x00000258   Code   RO         1949    .text.gd_eval_com_init  gd32e503v_eval.o
    0x080023fc   0x080023fc   0x000000aa   Code   RO          731    .text.gpio_afio_port_config  gd32e50x_gpio.o
    0x080024a6   0x080024a6   0x00000002   PAD
    0x080024a8   0x080024a8   0x00000010   Code   RO          715    .text.gpio_bit_reset  gd32e50x_gpio.o
    0x080024b8   0x080024b8   0x00000010   Code   RO          713    .text.gpio_bit_set  gd32e50x_gpio.o
    0x080024c8   0x080024c8   0x00000194   Code   RO          711    .text.gpio_init     gd32e50x_gpio.o
    0x0800265c   0x0800265c   0x00000100   Code   RO          729    .text.gpio_pin_remap_config  gd32e50x_gpio.o
    0x0800275c   0x0800275c   0x00000592   Code   RO           10    .text.main          main.o
    0x08002cee   0x08002cee   0x00000002   PAD
    0x08002cf0   0x08002cf0   0x0000007e   Code   RO            8    .text.mbcrc16       main.o
    0x08002d6e   0x08002d6e   0x00000002   PAD
    0x08002d70   0x08002d70   0x00000044   Code   RO           95    .text.myabs         libat.o
    0x08002db4   0x08002db4   0x00000134   Code   RO          951    .text.nvic_irq_enable  gd32e50x_misc.o
    0x08002ee8   0x08002ee8   0x0000001c   Code   RO          949    .text.nvic_priority_group_set  gd32e50x_misc.o
    0x08002f04   0x08002f04   0x00000028   Code   RO          961    .text.nvic_vector_table_set  gd32e50x_misc.o
    0x08002f2c   0x08002f2c   0x00000274   Code   RO         1097    .text.rcu_clock_freq_get  gd32e50x_rcu.o
    0x080031a0   0x080031a0   0x0000002e   Code   RO         1027    .text.rcu_periph_clock_enable  gd32e50x_rcu.o
    0x080031ce   0x080031ce   0x00000002   PAD
    0x080031d0   0x080031d0   0x0000002e   Code   RO         1037    .text.rcu_periph_reset_disable  gd32e50x_rcu.o
    0x080031fe   0x080031fe   0x00000002   PAD
    0x08003200   0x08003200   0x0000002e   Code   RO         1035    .text.rcu_periph_reset_enable  gd32e50x_rcu.o
    0x0800322e   0x0800322e   0x00000002   PAD
    0x08003230   0x08003230   0x00000024   Code   RO         1069    .text.rcu_usart5_clock_config  gd32e50x_rcu.o
    0x08003254   0x08003254   0x00000020   Code   RO         1459    .text.spi_crc_polynomial_set  gd32e50x_spi.o
    0x08003274   0x08003274   0x00000012   Code   RO         1425    .text.spi_enable    gd32e50x_spi.o
    0x08003286   0x08003286   0x00000002   PAD
    0x08003288   0x08003288   0x00000082   Code   RO         1991    .text.spi_flash_buffer_read  gd25qxx.o
    0x0800330a   0x0800330a   0x00000002   PAD
    0x0800330c   0x0800330c   0x0000019a   Code   RO         1989    .text.spi_flash_buffer_write  gd25qxx.o
    0x080034a6   0x080034a6   0x00000002   PAD
    0x080034a8   0x080034a8   0x00000098   Code   RO         1975    .text.spi_flash_init  gd25qxx.o
    0x08003540   0x08003540   0x00000088   Code   RO         1987    .text.spi_flash_page_write  gd25qxx.o
    0x080035c8   0x080035c8   0x0000005c   Code   RO         1977    .text.spi_flash_sector_erase  gd25qxx.o
    0x08003624   0x08003624   0x0000005c   Code   RO         1981    .text.spi_flash_send_byte  gd25qxx.o
    0x08003680   0x08003680   0x0000004e   Code   RO         1983    .text.spi_flash_wait_for_write_end  gd25qxx.o
    0x080036ce   0x080036ce   0x00000002   PAD
    0x080036d0   0x080036d0   0x0000002e   Code   RO         1979    .text.spi_flash_write_enable  gd25qxx.o
    0x080036fe   0x080036fe   0x00000002   PAD
    0x08003700   0x08003700   0x0000000e   Code   RO         1453    .text.spi_i2s_data_receive  gd32e50x_spi.o
    0x0800370e   0x0800370e   0x00000002   PAD
    0x08003710   0x08003710   0x00000016   Code   RO         1451    .text.spi_i2s_data_transmit  gd32e50x_spi.o
    0x08003726   0x08003726   0x00000002   PAD
    0x08003728   0x08003728   0x0000002a   Code   RO         1501    .text.spi_i2s_flag_get  gd32e50x_spi.o
    0x08003752   0x08003752   0x00000002   PAD
    0x08003754   0x08003754   0x00000072   Code   RO         1423    .text.spi_init      gd32e50x_spi.o
    0x080037c6   0x080037c6   0x00000002   PAD
    0x080037c8   0x080037c8   0x00000192   Code   RO          127    .text.system_clock_168m_hxtal  system_gd32e50x.o
    0x0800395a   0x0800395a   0x00000002   PAD
    0x0800395c   0x0800395c   0x00000008   Code   RO          123    .text.system_clock_config  system_gd32e50x.o
    0x08003964   0x08003964   0x0000003c   Code   RO           75    .text.systick_config  systick.o
    0x080039a0   0x080039a0   0x000001ea   Code   RO         1535    .text.timer_deinit  gd32e50x_timer.o
    0x08003b8a   0x08003b8a   0x00000002   PAD
    0x08003b8c   0x08003b8c   0x00000012   Code   RO         1541    .text.timer_enable  gd32e50x_timer.o
    0x08003b9e   0x08003b9e   0x00000002   PAD
    0x08003ba0   0x08003ba0   0x00000110   Code   RO         1539    .text.timer_init    gd32e50x_timer.o
    0x08003cb0   0x08003cb0   0x00000014   Code   RO         1669    .text.timer_interrupt_enable  gd32e50x_timer.o
    0x08003cc4   0x08003cc4   0x00000012   Code   RO         1675    .text.timer_interrupt_flag_clear  gd32e50x_timer.o
    0x08003cd6   0x08003cd6   0x00000002   PAD
    0x08003cd8   0x08003cd8   0x0000003c   Code   RO         1673    .text.timer_interrupt_flag_get  gd32e50x_timer.o
    0x08003d14   0x08003d14   0x0000003e   Code   RO         1829    .text.usart5_flag_get  gd32e50x_usart.o
    0x08003d52   0x08003d52   0x00000002   PAD
    0x08003d54   0x08003d54   0x0000002a   Code   RO         1833    .text.usart5_interrupt_enable  gd32e50x_usart.o
    0x08003d7e   0x08003d7e   0x00000002   PAD
    0x08003d80   0x08003d80   0x00000040   Code   RO         1841    .text.usart5_interrupt_flag_clear  gd32e50x_usart.o
    0x08003dc0   0x08003dc0   0x00000064   Code   RO         1839    .text.usart5_interrupt_flag_get  gd32e50x_usart.o
    0x08003e24   0x08003e24   0x0000001c   Code   RO         1803    .text.usart5_overrun_disable  gd32e50x_usart.o
    0x08003e40   0x08003e40   0x0000018a   Code   RO         1687    .text.usart_baudrate_set  gd32e50x_usart.o
    0x08003fca   0x08003fca   0x00000002   PAD
    0x08003fcc   0x08003fcc   0x00000038   Code   RO         1715    .text.usart_data_receive  gd32e50x_usart.o
    0x08004004   0x08004004   0x0000003a   Code   RO         1713    .text.usart_data_transmit  gd32e50x_usart.o
    0x0800403e   0x0800403e   0x00000002   PAD
    0x08004040   0x08004040   0x000000da   Code   RO         1685    .text.usart_deinit  gd32e50x_usart.o
    0x0800411a   0x0800411a   0x00000002   PAD
    0x0800411c   0x0800411c   0x00000030   Code   RO         1695    .text.usart_enable  gd32e50x_usart.o
    0x0800414c   0x0800414c   0x0000003e   Code   RO         1785    .text.usart_flag_get  gd32e50x_usart.o
    0x0800418a   0x0800418a   0x00000002   PAD
    0x0800418c   0x0800418c   0x0000002a   Code   RO         1789    .text.usart_interrupt_enable  gd32e50x_usart.o
    0x080041b6   0x080041b6   0x00000002   PAD
    0x080041b8   0x080041b8   0x0000001e   Code   RO         1795    .text.usart_interrupt_flag_clear  gd32e50x_usart.o
    0x080041d6   0x080041d6   0x00000002   PAD
    0x080041d8   0x080041d8   0x00000064   Code   RO         1793    .text.usart_interrupt_flag_get  gd32e50x_usart.o
    0x0800423c   0x0800423c   0x00000058   Code   RO         1689    .text.usart_parity_config  gd32e50x_usart.o
    0x08004294   0x08004294   0x00000062   Code   RO         1701    .text.usart_receive_config  gd32e50x_usart.o
    0x080042f6   0x080042f6   0x00000002   PAD
    0x080042f8   0x080042f8   0x00000058   Code   RO         1693    .text.usart_stop_bit_set  gd32e50x_usart.o
    0x08004350   0x08004350   0x00000062   Code   RO         1699    .text.usart_transmit_config  gd32e50x_usart.o
    0x080043b2   0x080043b2   0x00000002   PAD
    0x080043b4   0x080043b4   0x00000058   Code   RO         1691    .text.usart_word_length_set  gd32e50x_usart.o
    0x0800440c   0x0800440c   0x0000000e   Code   RO         2062    i.__scatterload_copy  mc_w.l(handlers.o)
    0x0800441a   0x0800441a   0x00000002   Code   RO         2063    i.__scatterload_null  mc_w.l(handlers.o)
    0x0800441c   0x0800441c   0x0000000e   Code   RO         2064    i.__scatterload_zeroinit  mc_w.l(handlers.o)
    0x0800442a   0x0800442a   0x00000002   PAD
    0x0800442c   0x0800442c   0x00000020   Data   RO         2061    Region$$Table       anon$$obj.o


    Execution Region RW_IRAM1 (Exec base: 0x20000000, Load base: 0x08004450, Size: 0x00001210, Max: 0x00020000, ABSOLUTE, COMPRESSED[0x00000660])

    Exec Addr    Load Addr    Size         Type   Attr      Idx    E Section Name        Object

    0x20000000   COMPRESSED   0x0000000c   Data   RW         1963    .data.COM_CLK       gd32e503v_eval.o
    0x2000000c   COMPRESSED   0x00000018   Data   RW         1951    .data.COM_EVAL      gd32e503v_eval.o
    0x20000024   COMPRESSED   0x0000000c   Data   RW         1962    .data.COM_GPIO_CLK  gd32e503v_eval.o
    0x20000030   COMPRESSED   0x00000018   Data   RW         1964    .data.COM_GPIO_PORT  gd32e503v_eval.o
    0x20000048   COMPRESSED   0x00000018   Data   RW         1966    .data.COM_RX_PIN    gd32e503v_eval.o
    0x20000060   COMPRESSED   0x00000018   Data   RW         1965    .data.COM_TX_PIN    gd32e503v_eval.o
    0x20000078   COMPRESSED   0x00000698   Data   RW          113    .data.OCV_SOC       paramaccess.o
    0x20000710   COMPRESSED   0x00000004   Data   RW          129    .data.SystemCoreClock  system_gd32e50x.o
    0x20000714   COMPRESSED   0x00000006   Data   RW         1967    .data.UART_IRQn     gd32e503v_eval.o
    0x2000071a   COMPRESSED   0x00000014   Data   RW           16    .data.tx_buffer_Bat  main.o
    0x2000072e   COMPRESSED   0x00000014   Data   RW           17    .data.tx_buffer_Sys  main.o
    0x20000742   COMPRESSED   0x00000002   PAD
    0x20000744   COMPRESSED   0x00000004   Data   RW           22    .data.tx_buffer_size  main.o
    0x20000748        -       0x00000054   Zero   RW           32    .bss.LiBATPack      main.o
    0x2000079c        -       0x00000001   Zero   RW           29    .bss.Libat_flag     main.o
    0x2000079d   COMPRESSED   0x00000003   PAD
    0x200007a0        -       0x00000004   Zero   RW           87    .bss.delay          systick.o
    0x200007a4        -       0x0000000a   Zero   RW          101    .bss.flash_read_buffer  libat.o
    0x200007ae        -       0x0000000a   Zero   RW           24    .bss.flash_write_buffer  main.o
    0x200007b8        -       0x0000001e   Zero   RW           23    .bss.holdingregister  main.o
    0x200007d6        -       0x00000001   Zero   RW           26    .bss.init_flag      main.o
    0x200007d7        -       0x00000006   Zero   RW           20    .bss.resetframe     main.o
    0x200007dd        -       0x00000600   Zero   RW           31    .bss.rx_buffer      main.o
    0x20000ddd   COMPRESSED   0x00000003   PAD
    0x20000de0        -       0x00000018   Zero   RW           21    .bss.rx_buffer_size  main.o
    0x20000df8        -       0x00000006   Zero   RW           30    .bss.rx_count       main.o
    0x20000dfe        -       0x00000006   Zero   RW           19    .bss.timeout        main.o
    0x20000e04        -       0x00000001   Zero   RW           27    .bss.timer_sample_flag  main.o
    0x20000e05        -       0x00000001   Zero   RW           28    .bss.timer_update_flag  main.o
    0x20000e06        -       0x00000006   Zero   RW           18    .bss.timerun        main.o
    0x20000e0c   COMPRESSED   0x00000004   PAD
    0x20000e10        -       0x00000400   Zero   RW         2007    STACK               startup_gd32e50x_hd.o


==============================================================================

Image component sizes


      Code (inc. data)   RO Data    RW Data    ZI Data      Debug   Object Name

      1136          0          0          0          0       4684   gd25qxx.o
       952          0          0        126          0       6625   gd32e503v_eval.o
       862          0          0          0          0       6118   gd32e50x_gpio.o
      2460          0          0          0          0       4502   gd32e50x_it.o
       376          0          0          0          0       6052   gd32e50x_misc.o
       802          6          0          0          0      12112   gd32e50x_rcu.o
       242          0          0          0          0       8717   gd32e50x_spi.o
       878          0          0          0          0      17071   gd32e50x_timer.o
      1764          0          0          0          0      18174   gd32e50x_usart.o
      1076         40          0          0         10       1633   libat.o
      3730          8          0         44       1712       9189   main.o
       142          0          0       1688          0       1084   paramaccess.o
        36          8        416          0       1024        976   startup_gd32e50x_hd.o
       646          0          0          4          0       3247   system_gd32e50x.o
       284          0          0          0          4       5094   systick.o

    ----------------------------------------------------------------------
     15480         66        448       1864       2760     105278   Object Totals
         0          0         32          0          0          0   (incl. Generated)
        94          4          0          2         10          0   (incl. Padding)

    ----------------------------------------------------------------------

      Code (inc. data)   RO Data    RW Data    ZI Data      Debug   Library Member Name

        94          0          0          0          0          0   __dclz77c.o
         0          0          0          0          0          0   entry.o
         0          0          0          0          0          0   entry10a.o
         0          0          0          0          0          0   entry11a.o
         8          4          0          0          0          0   entry2.o
         4          0          0          0          0          0   entry5.o
         0          0          0          0          0          0   entry7b.o
         0          0          0          0          0          0   entry8b.o
         8          4          0          0          0          0   entry9a.o
        30          0          0          0          0          0   handlers.o
        36          8          0          0          0         68   init.o
         0          0          0          0          0          0   iusefp.o
        30          0          0          0          0         68   llshl.o
        36          0          0          0          0         68   llsshr.o
        32          0          0          0          0         68   llushr.o
        56          0          0          0          0         88   d2f.o
       334          0          0          0          0        148   dadd.o
       222          0          0          0          0        100   ddiv.o
       186          0          0          0          0        176   depilogue.o
        62          0          0          0          0         80   dfixi.o
        34          0          0          0          0         76   dflti.o
       228          0          0          0          0         96   dmul.o
        38          0          0          0          0         68   f2d.o
       110          0          0          0          0        168   fepilogue.o

    ----------------------------------------------------------------------
      1556         16          0          0          0       1272   Library Totals
         8          0          0          0          0          0   (incl. Padding)

    ----------------------------------------------------------------------

      Code (inc. data)   RO Data    RW Data    ZI Data      Debug   Library Name

       278         16          0          0          0        272   mc_w.l
      1270          0          0          0          0       1000   mf_w.l

    ----------------------------------------------------------------------
      1556         16          0          0          0       1272   Library Totals

    ----------------------------------------------------------------------

==============================================================================


      Code (inc. data)   RO Data    RW Data    ZI Data      Debug   

     17036         82        448       1864       2760     106106   Grand Totals
     17036         82        448       1632       2760     106106   ELF Image Totals (compressed)
     17036         82        448       1632          0          0   ROM Totals

==============================================================================

    Total RO  Size (Code + RO Data)                17484 (  17.07kB)
    Total RW  Size (RW Data + ZI Data)              4624 (   4.52kB)
    Total ROM Size (Code + RO Data + RW Data)      19116 (  18.67kB)

==============================================================================

